Started: 2026-01-20 22:41:57.533220

[22:41:57] Checking prerequisites...
[22:41:57] ✓ Using FASTCHEM_LOGK: /Users/yashnilmohanty/Downloads/FastChem-master/input/logK/logK.dat
[22:41:57] ✓ Using FASTCHEM_COND: /Users/yashnilmohanty/Downloads/FastChem-master/input/logK/logK_condensates.dat
[22:41:57] ✓ pyfastchem installed
[22:41:57] ================================================================================
[22:41:57] Processing dataset: x240
[22:41:57] ================================================================================
[22:41:57] Found 120 shards for x240
[22:41:57] Running FastChem for x240 (this may take 2-4 hours)...
[23:02:52] ✓ FastChem completed for x240 in 0.35 hours
[23:02:52] Merging FastChem outputs for x240...
[23:03:33] ✓ Merge completed for x240
[23:03:33] ✓ Merged dataset has 239,986 rows
[23:03:33] ✓ Dataset x240 complete!
[23:03:33] ================================================================================
[23:03:33] Processing dataset: x480
[23:03:33] ================================================================================
[23:03:33] Found 240 shards for x480
[23:03:33] Running FastChem for x480 (this may take 2-4 hours)...
[23:45:06] ✓ FastChem completed for x480 in 0.69 hours
[23:45:06] Merging FastChem outputs for x480...
[23:46:27] ✓ Merge completed for x480
[23:46:27] ✓ Merged dataset has 479,981 rows
[23:46:27] ✓ Dataset x480 complete!
[23:46:27] ================================================================================
[23:46:27] Processing dataset: x640
[23:46:27] ================================================================================
[23:46:27] Found 320 shards for x640
[23:46:27] Running FastChem for x640 (this may take 2-4 hours)...
[00:40:58] ✓ FastChem completed for x640 in 0.91 hours
[00:40:58] Merging FastChem outputs for x640...
[00:42:40] ✓ Merge completed for x640
[00:42:40] ✓ Merged dataset has 639,975 rows
[00:42:40] ✓ Dataset x640 complete!
[00:42:40] ================================================================================
[00:42:40] Training models
[00:42:40] ================================================================================
[05:35:03] ✓ Model training completed
[05:35:03] ✓ All datasets processed and models trained
