2025-10-25 14:42:05 | INFO    | Device: cpu
2025-10-25 14:42:05 | INFO    | SPLITS: train=85.0% | val=10.0% | test=5.0% | group_split=False
2025-10-25 14:42:05 | INFO    | MODEL : depth=3 hidden=512 act=leaky_relu dropout=0.050
2025-10-25 14:42:05 | INFO    | NORM  : T/4000 | log10(P)/10 | fZ*_div=10 | abund: (eps-12.0)/10 | target log10/30
2025-10-25 14:42:05 | INFO    | TARGETS: topK=20 (plus 'e-' if present)
2025-10-25 14:42:05 | INFO    | Loading CSV: /Users/yashnilmohanty/Desktop/chemCalculations/v10/all_gas_v10_no_stripe.csv
2025-10-25 14:42:05 | INFO    | Loaded: 12800 rows × 130 cols
2025-10-25 14:42:05 | INFO    | Resolved INPUT columns (7): ['T_K', 'P_bar', 'abund_C_dex', 'abund_H_dex', 'abund_N_dex', 'abund_O_dex', 'abund_S_dex']
2025-10-25 14:42:05 | INFO    | Resolved TARGET columns (21) [topK=20 + e-]: ['e-', 'comp_S', 'comp_O', 'comp_H', 'comp_N', 'comp_C', 'N2', 'O2', 'H2', 'S2', '...']
2025-10-25 14:42:05 | INFO    | Split sizes (after filtering): Train=10880 | Val=1280 | Test=640
2025-10-25 14:42:05 | INFO    | Saved split indices: runs_mlp_v10/split_indices.npz
2025-10-25 14:42:05 | INFO    | Model params: 540181 | in=7 out=21
2025-10-25 14:42:06 | INFO    | Epoch 001/200 | train_mse=9.086e-02 | val_mse=4.453e-02 | best=Yes
2025-10-25 14:42:06 | INFO    | Epoch 002/200 | train_mse=3.204e-02 | val_mse=1.910e-02 | best=Yes
2025-10-25 14:42:07 | INFO    | Epoch 003/200 | train_mse=1.710e-02 | val_mse=1.315e-02 | best=Yes
2025-10-25 14:42:07 | INFO    | Epoch 004/200 | train_mse=1.336e-02 | val_mse=1.052e-02 | best=Yes
2025-10-25 14:42:07 | INFO    | Epoch 005/200 | train_mse=1.151e-02 | val_mse=8.898e-03 | best=Yes
2025-10-25 14:42:08 | INFO    | Epoch 006/200 | train_mse=9.948e-03 | val_mse=7.738e-03 | best=Yes
2025-10-25 14:42:08 | INFO    | Epoch 007/200 | train_mse=8.725e-03 | val_mse=6.632e-03 | best=Yes
2025-10-25 14:42:08 | INFO    | Epoch 008/200 | train_mse=7.831e-03 | val_mse=5.674e-03 | best=Yes
2025-10-25 14:42:09 | INFO    | Epoch 009/200 | train_mse=7.202e-03 | val_mse=5.317e-03 | best=Yes
2025-10-25 14:42:09 | INFO    | Epoch 010/200 | train_mse=6.731e-03 | val_mse=4.780e-03 | best=Yes
2025-10-25 14:42:09 | INFO    | Epoch 011/200 | train_mse=6.235e-03 | val_mse=4.297e-03 | best=Yes
2025-10-25 14:42:09 | INFO    | Epoch 012/200 | train_mse=5.930e-03 | val_mse=4.092e-03 | best=Yes
2025-10-25 14:42:10 | INFO    | Epoch 013/200 | train_mse=5.634e-03 | val_mse=3.881e-03 | best=Yes
2025-10-25 14:42:10 | INFO    | Epoch 014/200 | train_mse=5.269e-03 | val_mse=3.619e-03 | best=Yes
2025-10-25 14:42:10 | INFO    | Epoch 015/200 | train_mse=5.038e-03 | val_mse=3.336e-03 | best=Yes
2025-10-25 14:42:11 | INFO    | Epoch 016/200 | train_mse=4.891e-03 | val_mse=3.258e-03 | best=Yes
2025-10-25 14:42:11 | INFO    | Epoch 017/200 | train_mse=4.677e-03 | val_mse=3.097e-03 | best=Yes
2025-10-25 14:42:11 | INFO    | Epoch 018/200 | train_mse=4.454e-03 | val_mse=3.103e-03 | best=No
2025-10-25 14:42:11 | INFO    | Epoch 019/200 | train_mse=4.275e-03 | val_mse=2.902e-03 | best=Yes
2025-10-25 14:42:12 | INFO    | Epoch 020/200 | train_mse=4.317e-03 | val_mse=2.789e-03 | best=Yes
2025-10-25 14:42:12 | INFO    | Epoch 021/200 | train_mse=4.143e-03 | val_mse=2.625e-03 | best=Yes
2025-10-25 14:42:12 | INFO    | Epoch 022/200 | train_mse=3.925e-03 | val_mse=2.535e-03 | best=Yes
2025-10-25 14:42:12 | INFO    | Epoch 023/200 | train_mse=3.909e-03 | val_mse=2.708e-03 | best=No
2025-10-25 14:42:13 | INFO    | Epoch 024/200 | train_mse=3.712e-03 | val_mse=2.387e-03 | best=Yes
2025-10-25 14:42:13 | INFO    | Epoch 025/200 | train_mse=3.585e-03 | val_mse=2.312e-03 | best=Yes
2025-10-25 14:42:13 | INFO    | Epoch 026/200 | train_mse=3.593e-03 | val_mse=2.447e-03 | best=No
2025-10-25 14:42:14 | INFO    | Epoch 027/200 | train_mse=3.433e-03 | val_mse=2.162e-03 | best=Yes
2025-10-25 14:42:14 | INFO    | Epoch 028/200 | train_mse=3.449e-03 | val_mse=2.208e-03 | best=No
2025-10-25 14:42:14 | INFO    | Epoch 029/200 | train_mse=3.258e-03 | val_mse=2.080e-03 | best=Yes
2025-10-25 14:42:15 | INFO    | Epoch 030/200 | train_mse=3.139e-03 | val_mse=2.044e-03 | best=Yes
2025-10-25 14:42:15 | INFO    | Epoch 031/200 | train_mse=3.135e-03 | val_mse=2.041e-03 | best=Yes
2025-10-25 14:42:15 | INFO    | Epoch 032/200 | train_mse=3.170e-03 | val_mse=1.995e-03 | best=Yes
2025-10-25 14:42:16 | INFO    | Epoch 033/200 | train_mse=3.042e-03 | val_mse=2.013e-03 | best=No
2025-10-25 14:42:16 | INFO    | Epoch 034/200 | train_mse=3.060e-03 | val_mse=2.177e-03 | best=No
2025-10-25 14:42:16 | INFO    | Epoch 035/200 | train_mse=3.039e-03 | val_mse=2.237e-03 | best=No
2025-10-25 14:42:17 | INFO    | Epoch 036/200 | train_mse=3.002e-03 | val_mse=2.035e-03 | best=No
2025-10-25 14:42:17 | INFO    | Epoch 037/200 | train_mse=2.806e-03 | val_mse=1.877e-03 | best=Yes
2025-10-25 14:42:17 | INFO    | Epoch 038/200 | train_mse=2.840e-03 | val_mse=1.910e-03 | best=No
2025-10-25 14:42:17 | INFO    | Epoch 039/200 | train_mse=2.754e-03 | val_mse=1.856e-03 | best=Yes
2025-10-25 14:42:18 | INFO    | Epoch 040/200 | train_mse=2.774e-03 | val_mse=1.747e-03 | best=Yes
2025-10-25 14:42:18 | INFO    | Epoch 041/200 | train_mse=2.672e-03 | val_mse=1.861e-03 | best=No
2025-10-25 14:42:18 | INFO    | Epoch 042/200 | train_mse=2.661e-03 | val_mse=1.748e-03 | best=No
2025-10-25 14:42:19 | INFO    | Epoch 043/200 | train_mse=2.615e-03 | val_mse=1.731e-03 | best=Yes
2025-10-25 14:42:19 | INFO    | Epoch 044/200 | train_mse=2.517e-03 | val_mse=1.693e-03 | best=Yes
2025-10-25 14:42:19 | INFO    | Epoch 045/200 | train_mse=2.507e-03 | val_mse=1.651e-03 | best=Yes
2025-10-25 14:42:19 | INFO    | Epoch 046/200 | train_mse=2.523e-03 | val_mse=1.784e-03 | best=No
2025-10-25 14:42:20 | INFO    | Epoch 047/200 | train_mse=2.505e-03 | val_mse=1.695e-03 | best=No
2025-10-25 14:42:20 | INFO    | Epoch 048/200 | train_mse=2.455e-03 | val_mse=1.617e-03 | best=Yes
2025-10-25 14:42:20 | INFO    | Epoch 049/200 | train_mse=2.375e-03 | val_mse=1.618e-03 | best=No
2025-10-25 14:42:21 | INFO    | Epoch 050/200 | train_mse=2.350e-03 | val_mse=1.528e-03 | best=Yes
2025-10-25 14:42:21 | INFO    | Epoch 051/200 | train_mse=2.326e-03 | val_mse=1.523e-03 | best=Yes
2025-10-25 14:42:21 | INFO    | Epoch 052/200 | train_mse=2.265e-03 | val_mse=1.481e-03 | best=Yes
2025-10-25 14:42:21 | INFO    | Epoch 053/200 | train_mse=2.287e-03 | val_mse=1.621e-03 | best=No
2025-10-25 14:42:22 | INFO    | Epoch 054/200 | train_mse=2.240e-03 | val_mse=1.569e-03 | best=No
2025-10-25 14:42:22 | INFO    | Epoch 055/200 | train_mse=2.219e-03 | val_mse=1.456e-03 | best=Yes
2025-10-25 14:42:23 | INFO    | Epoch 056/200 | train_mse=2.179e-03 | val_mse=1.498e-03 | best=No
2025-10-25 14:42:23 | INFO    | Epoch 057/200 | train_mse=2.282e-03 | val_mse=1.601e-03 | best=No
2025-10-25 14:42:24 | INFO    | Epoch 058/200 | train_mse=2.172e-03 | val_mse=1.451e-03 | best=Yes
2025-10-25 14:42:24 | INFO    | Epoch 059/200 | train_mse=2.117e-03 | val_mse=1.570e-03 | best=No
2025-10-25 14:42:24 | INFO    | Epoch 060/200 | train_mse=2.148e-03 | val_mse=1.422e-03 | best=Yes
2025-10-25 14:42:25 | INFO    | Epoch 061/200 | train_mse=2.124e-03 | val_mse=1.505e-03 | best=No
2025-10-25 14:42:25 | INFO    | Epoch 062/200 | train_mse=2.105e-03 | val_mse=1.518e-03 | best=No
2025-10-25 14:42:25 | INFO    | Epoch 063/200 | train_mse=2.013e-03 | val_mse=1.455e-03 | best=No
2025-10-25 14:42:25 | INFO    | Epoch 064/200 | train_mse=2.029e-03 | val_mse=1.508e-03 | best=No
2025-10-25 14:42:26 | INFO    | Epoch 065/200 | train_mse=2.041e-03 | val_mse=1.492e-03 | best=No
2025-10-25 14:42:26 | INFO    | Epoch 066/200 | train_mse=2.102e-03 | val_mse=1.452e-03 | best=No
2025-10-25 14:42:26 | INFO    | Epoch 067/200 | train_mse=2.022e-03 | val_mse=1.396e-03 | best=Yes
2025-10-25 14:42:27 | INFO    | Epoch 068/200 | train_mse=2.001e-03 | val_mse=1.349e-03 | best=Yes
2025-10-25 14:42:27 | INFO    | Epoch 069/200 | train_mse=1.991e-03 | val_mse=1.351e-03 | best=No
2025-10-25 14:42:28 | INFO    | Epoch 070/200 | train_mse=1.942e-03 | val_mse=1.345e-03 | best=Yes
2025-10-25 14:42:28 | INFO    | Epoch 071/200 | train_mse=1.892e-03 | val_mse=1.378e-03 | best=No
2025-10-25 14:42:28 | INFO    | Epoch 072/200 | train_mse=1.897e-03 | val_mse=1.335e-03 | best=Yes
2025-10-25 14:42:29 | INFO    | Epoch 073/200 | train_mse=1.882e-03 | val_mse=1.341e-03 | best=No
2025-10-25 14:42:29 | INFO    | Epoch 074/200 | train_mse=1.883e-03 | val_mse=1.325e-03 | best=Yes
2025-10-25 14:42:29 | INFO    | Epoch 075/200 | train_mse=1.819e-03 | val_mse=1.319e-03 | best=Yes
2025-10-25 14:42:29 | INFO    | Epoch 076/200 | train_mse=1.816e-03 | val_mse=1.314e-03 | best=Yes
2025-10-25 14:42:30 | INFO    | Epoch 077/200 | train_mse=1.850e-03 | val_mse=1.299e-03 | best=Yes
2025-10-25 14:42:30 | INFO    | Epoch 078/200 | train_mse=1.852e-03 | val_mse=1.298e-03 | best=Yes
2025-10-25 14:42:30 | INFO    | Epoch 079/200 | train_mse=1.785e-03 | val_mse=1.336e-03 | best=No
2025-10-25 14:42:30 | INFO    | Epoch 080/200 | train_mse=1.771e-03 | val_mse=1.255e-03 | best=Yes
2025-10-25 14:42:31 | INFO    | Epoch 081/200 | train_mse=1.758e-03 | val_mse=1.305e-03 | best=No
2025-10-25 14:42:31 | INFO    | Epoch 082/200 | train_mse=1.736e-03 | val_mse=1.268e-03 | best=No
2025-10-25 14:42:31 | INFO    | Epoch 083/200 | train_mse=1.732e-03 | val_mse=1.282e-03 | best=No
2025-10-25 14:42:31 | INFO    | Epoch 084/200 | train_mse=1.709e-03 | val_mse=1.372e-03 | best=No
2025-10-25 14:42:32 | INFO    | Epoch 085/200 | train_mse=1.738e-03 | val_mse=1.207e-03 | best=Yes
2025-10-25 14:42:32 | INFO    | Epoch 086/200 | train_mse=1.744e-03 | val_mse=1.286e-03 | best=No
2025-10-25 14:42:32 | INFO    | Epoch 087/200 | train_mse=1.684e-03 | val_mse=1.226e-03 | best=No
2025-10-25 14:42:32 | INFO    | Epoch 088/200 | train_mse=1.702e-03 | val_mse=1.287e-03 | best=No
2025-10-25 14:42:33 | INFO    | Epoch 089/200 | train_mse=1.607e-03 | val_mse=1.306e-03 | best=No
2025-10-25 14:42:33 | INFO    | Epoch 090/200 | train_mse=1.670e-03 | val_mse=1.235e-03 | best=No
2025-10-25 14:42:33 | INFO    | Epoch 091/200 | train_mse=1.671e-03 | val_mse=1.222e-03 | best=No
2025-10-25 14:42:33 | INFO    | Epoch 092/200 | train_mse=1.692e-03 | val_mse=1.196e-03 | best=Yes
2025-10-25 14:42:34 | INFO    | Epoch 093/200 | train_mse=1.672e-03 | val_mse=1.230e-03 | best=No
2025-10-25 14:42:34 | INFO    | Epoch 094/200 | train_mse=1.637e-03 | val_mse=1.225e-03 | best=No
2025-10-25 14:42:34 | INFO    | Epoch 095/200 | train_mse=1.584e-03 | val_mse=1.216e-03 | best=No
2025-10-25 14:42:34 | INFO    | Epoch 096/200 | train_mse=1.647e-03 | val_mse=1.205e-03 | best=No
2025-10-25 14:42:34 | INFO    | Epoch 097/200 | train_mse=1.571e-03 | val_mse=1.333e-03 | best=No
2025-10-25 14:42:35 | INFO    | Epoch 098/200 | train_mse=1.621e-03 | val_mse=1.258e-03 | best=No
2025-10-25 14:42:35 | INFO    | Epoch 099/200 | train_mse=1.592e-03 | val_mse=1.240e-03 | best=No
2025-10-25 14:42:35 | INFO    | Epoch 100/200 | train_mse=1.620e-03 | val_mse=1.161e-03 | best=Yes
2025-10-25 14:42:35 | INFO    | Epoch 101/200 | train_mse=1.567e-03 | val_mse=1.197e-03 | best=No
2025-10-25 14:42:36 | INFO    | Epoch 102/200 | train_mse=1.553e-03 | val_mse=1.242e-03 | best=No
2025-10-25 14:42:36 | INFO    | Epoch 103/200 | train_mse=1.554e-03 | val_mse=1.217e-03 | best=No
2025-10-25 14:42:36 | INFO    | Epoch 104/200 | train_mse=1.548e-03 | val_mse=1.154e-03 | best=Yes
2025-10-25 14:42:36 | INFO    | Epoch 105/200 | train_mse=1.515e-03 | val_mse=1.142e-03 | best=Yes
2025-10-25 14:42:37 | INFO    | Epoch 106/200 | train_mse=1.546e-03 | val_mse=1.176e-03 | best=No
2025-10-25 14:42:37 | INFO    | Epoch 107/200 | train_mse=1.487e-03 | val_mse=1.197e-03 | best=No
2025-10-25 14:42:37 | INFO    | Epoch 108/200 | train_mse=1.507e-03 | val_mse=1.188e-03 | best=No
2025-10-25 14:42:37 | INFO    | Epoch 109/200 | train_mse=1.477e-03 | val_mse=1.142e-03 | best=No
2025-10-25 14:42:37 | INFO    | Epoch 110/200 | train_mse=1.499e-03 | val_mse=1.192e-03 | best=No
2025-10-25 14:42:38 | INFO    | Epoch 111/200 | train_mse=1.528e-03 | val_mse=1.179e-03 | best=No
2025-10-25 14:42:38 | INFO    | Epoch 112/200 | train_mse=1.466e-03 | val_mse=1.150e-03 | best=No
2025-10-25 14:42:38 | INFO    | Epoch 113/200 | train_mse=1.523e-03 | val_mse=1.146e-03 | best=No
2025-10-25 14:42:38 | INFO    | Epoch 114/200 | train_mse=1.456e-03 | val_mse=1.182e-03 | best=No
2025-10-25 14:42:39 | INFO    | Epoch 115/200 | train_mse=1.440e-03 | val_mse=1.144e-03 | best=No
2025-10-25 14:42:39 | INFO    | Epoch 116/200 | train_mse=1.437e-03 | val_mse=1.154e-03 | best=No
2025-10-25 14:42:39 | INFO    | Epoch 117/200 | train_mse=1.483e-03 | val_mse=1.189e-03 | best=No
2025-10-25 14:42:39 | INFO    | Epoch 118/200 | train_mse=1.474e-03 | val_mse=1.108e-03 | best=Yes
2025-10-25 14:42:40 | INFO    | Epoch 119/200 | train_mse=1.431e-03 | val_mse=1.143e-03 | best=No
2025-10-25 14:42:40 | INFO    | Epoch 120/200 | train_mse=1.417e-03 | val_mse=1.133e-03 | best=No
2025-10-25 14:42:40 | INFO    | Epoch 121/200 | train_mse=1.441e-03 | val_mse=1.098e-03 | best=Yes
2025-10-25 14:42:40 | INFO    | Epoch 122/200 | train_mse=1.429e-03 | val_mse=1.132e-03 | best=No
2025-10-25 14:42:40 | INFO    | Epoch 123/200 | train_mse=1.387e-03 | val_mse=1.102e-03 | best=No
2025-10-25 14:42:41 | INFO    | Epoch 124/200 | train_mse=1.397e-03 | val_mse=1.117e-03 | best=No
2025-10-25 14:42:41 | INFO    | Epoch 125/200 | train_mse=1.411e-03 | val_mse=1.131e-03 | best=No
2025-10-25 14:42:41 | INFO    | Epoch 126/200 | train_mse=1.404e-03 | val_mse=1.106e-03 | best=No
2025-10-25 14:42:41 | INFO    | Epoch 127/200 | train_mse=1.383e-03 | val_mse=1.092e-03 | best=Yes
2025-10-25 14:42:42 | INFO    | Epoch 128/200 | train_mse=1.383e-03 | val_mse=1.114e-03 | best=No
2025-10-25 14:42:42 | INFO    | Epoch 129/200 | train_mse=1.416e-03 | val_mse=1.092e-03 | best=No
2025-10-25 14:42:42 | INFO    | Epoch 130/200 | train_mse=1.339e-03 | val_mse=1.132e-03 | best=No
2025-10-25 14:42:42 | INFO    | Epoch 131/200 | train_mse=1.412e-03 | val_mse=1.120e-03 | best=No
2025-10-25 14:42:43 | INFO    | Epoch 132/200 | train_mse=1.329e-03 | val_mse=1.095e-03 | best=No
2025-10-25 14:42:43 | INFO    | Epoch 133/200 | train_mse=1.359e-03 | val_mse=1.152e-03 | best=No
2025-10-25 14:42:43 | INFO    | Epoch 134/200 | train_mse=1.346e-03 | val_mse=1.125e-03 | best=No
2025-10-25 14:42:43 | INFO    | Epoch 135/200 | train_mse=1.358e-03 | val_mse=1.120e-03 | best=No
2025-10-25 14:42:43 | INFO    | Epoch 136/200 | train_mse=1.359e-03 | val_mse=1.126e-03 | best=No
2025-10-25 14:42:44 | INFO    | Epoch 137/200 | train_mse=1.326e-03 | val_mse=1.098e-03 | best=No
2025-10-25 14:42:44 | INFO    | Epoch 138/200 | train_mse=1.331e-03 | val_mse=1.117e-03 | best=No
2025-10-25 14:42:44 | INFO    | Epoch 139/200 | train_mse=1.352e-03 | val_mse=1.091e-03 | best=Yes
2025-10-25 14:42:44 | INFO    | Epoch 140/200 | train_mse=1.329e-03 | val_mse=1.094e-03 | best=No
2025-10-25 14:42:45 | INFO    | Epoch 141/200 | train_mse=1.355e-03 | val_mse=1.139e-03 | best=No
2025-10-25 14:42:45 | INFO    | Epoch 142/200 | train_mse=1.302e-03 | val_mse=1.109e-03 | best=No
2025-10-25 14:42:45 | INFO    | Epoch 143/200 | train_mse=1.333e-03 | val_mse=1.066e-03 | best=Yes
2025-10-25 14:42:45 | INFO    | Epoch 144/200 | train_mse=1.295e-03 | val_mse=1.076e-03 | best=No
2025-10-25 14:42:46 | INFO    | Epoch 145/200 | train_mse=1.315e-03 | val_mse=1.089e-03 | best=No
2025-10-25 14:42:46 | INFO    | Epoch 146/200 | train_mse=1.308e-03 | val_mse=1.107e-03 | best=No
2025-10-25 14:42:46 | INFO    | Epoch 147/200 | train_mse=1.311e-03 | val_mse=1.114e-03 | best=No
2025-10-25 14:42:46 | INFO    | Epoch 148/200 | train_mse=1.319e-03 | val_mse=1.084e-03 | best=No
2025-10-25 14:42:47 | INFO    | Epoch 149/200 | train_mse=1.313e-03 | val_mse=1.104e-03 | best=No
2025-10-25 14:42:47 | INFO    | Epoch 150/200 | train_mse=1.248e-03 | val_mse=1.080e-03 | best=No
2025-10-25 14:42:47 | INFO    | Epoch 151/200 | train_mse=1.281e-03 | val_mse=1.092e-03 | best=No
2025-10-25 14:42:47 | INFO    | Epoch 152/200 | train_mse=1.257e-03 | val_mse=1.091e-03 | best=No
2025-10-25 14:42:47 | INFO    | Epoch 153/200 | train_mse=1.299e-03 | val_mse=1.083e-03 | best=No
2025-10-25 14:42:48 | INFO    | Epoch 154/200 | train_mse=1.281e-03 | val_mse=1.097e-03 | best=No
2025-10-25 14:42:48 | INFO    | Epoch 155/200 | train_mse=1.311e-03 | val_mse=1.086e-03 | best=No
2025-10-25 14:42:48 | INFO    | Epoch 156/200 | train_mse=1.266e-03 | val_mse=1.099e-03 | best=No
2025-10-25 14:42:49 | INFO    | Epoch 157/200 | train_mse=1.251e-03 | val_mse=1.109e-03 | best=No
2025-10-25 14:42:49 | INFO    | Epoch 158/200 | train_mse=1.287e-03 | val_mse=1.091e-03 | best=No
2025-10-25 14:42:49 | INFO    | Epoch 159/200 | train_mse=1.276e-03 | val_mse=1.087e-03 | best=No
2025-10-25 14:42:49 | INFO    | Epoch 160/200 | train_mse=1.300e-03 | val_mse=1.089e-03 | best=No
2025-10-25 14:42:49 | INFO    | Epoch 161/200 | train_mse=1.298e-03 | val_mse=1.085e-03 | best=No
2025-10-25 14:42:50 | INFO    | Epoch 162/200 | train_mse=1.237e-03 | val_mse=1.073e-03 | best=No
2025-10-25 14:42:50 | INFO    | Epoch 163/200 | train_mse=1.259e-03 | val_mse=1.085e-03 | best=No
2025-10-25 14:42:50 | INFO    | Epoch 164/200 | train_mse=1.281e-03 | val_mse=1.071e-03 | best=No
2025-10-25 14:42:51 | INFO    | Epoch 165/200 | train_mse=1.273e-03 | val_mse=1.077e-03 | best=No
2025-10-25 14:42:51 | INFO    | Epoch 166/200 | train_mse=1.257e-03 | val_mse=1.085e-03 | best=No
2025-10-25 14:42:52 | INFO    | Epoch 167/200 | train_mse=1.276e-03 | val_mse=1.069e-03 | best=No
2025-10-25 14:42:52 | INFO    | Epoch 168/200 | train_mse=1.254e-03 | val_mse=1.078e-03 | best=No
2025-10-25 14:42:52 | INFO    | Epoch 169/200 | train_mse=1.255e-03 | val_mse=1.075e-03 | best=No
2025-10-25 14:42:53 | INFO    | Epoch 170/200 | train_mse=1.257e-03 | val_mse=1.083e-03 | best=No
2025-10-25 14:42:53 | INFO    | Epoch 171/200 | train_mse=1.320e-03 | val_mse=1.083e-03 | best=No
2025-10-25 14:42:53 | INFO    | Epoch 172/200 | train_mse=1.256e-03 | val_mse=1.061e-03 | best=Yes
2025-10-25 14:42:54 | INFO    | Epoch 173/200 | train_mse=1.254e-03 | val_mse=1.076e-03 | best=No
2025-10-25 14:42:54 | INFO    | Epoch 174/200 | train_mse=1.258e-03 | val_mse=1.071e-03 | best=No
2025-10-25 14:42:54 | INFO    | Epoch 175/200 | train_mse=1.242e-03 | val_mse=1.063e-03 | best=No
2025-10-25 14:42:54 | INFO    | Epoch 176/200 | train_mse=1.242e-03 | val_mse=1.061e-03 | best=Yes
2025-10-25 14:42:55 | INFO    | Epoch 177/200 | train_mse=1.256e-03 | val_mse=1.066e-03 | best=No
2025-10-25 14:42:55 | INFO    | Epoch 178/200 | train_mse=1.255e-03 | val_mse=1.069e-03 | best=No
2025-10-25 14:42:55 | INFO    | Epoch 179/200 | train_mse=1.305e-03 | val_mse=1.075e-03 | best=No
2025-10-25 14:42:55 | INFO    | Epoch 180/200 | train_mse=1.255e-03 | val_mse=1.060e-03 | best=Yes
2025-10-25 14:42:56 | INFO    | Epoch 181/200 | train_mse=1.220e-03 | val_mse=1.058e-03 | best=Yes
2025-10-25 14:42:56 | INFO    | Epoch 182/200 | train_mse=1.225e-03 | val_mse=1.056e-03 | best=Yes
2025-10-25 14:42:56 | INFO    | Epoch 183/200 | train_mse=1.216e-03 | val_mse=1.055e-03 | best=Yes
2025-10-25 14:42:56 | INFO    | Epoch 184/200 | train_mse=1.253e-03 | val_mse=1.054e-03 | best=Yes
2025-10-25 14:42:57 | INFO    | Epoch 185/200 | train_mse=1.240e-03 | val_mse=1.055e-03 | best=No
2025-10-25 14:42:57 | INFO    | Epoch 186/200 | train_mse=1.250e-03 | val_mse=1.059e-03 | best=No
2025-10-25 14:42:57 | INFO    | Epoch 187/200 | train_mse=1.237e-03 | val_mse=1.057e-03 | best=No
2025-10-25 14:42:57 | INFO    | Epoch 188/200 | train_mse=1.257e-03 | val_mse=1.061e-03 | best=No
2025-10-25 14:42:58 | INFO    | Epoch 189/200 | train_mse=1.229e-03 | val_mse=1.057e-03 | best=No
2025-10-25 14:42:58 | INFO    | Epoch 190/200 | train_mse=1.239e-03 | val_mse=1.059e-03 | best=No
2025-10-25 14:42:58 | INFO    | Epoch 191/200 | train_mse=1.231e-03 | val_mse=1.056e-03 | best=No
2025-10-25 14:42:59 | INFO    | Epoch 192/200 | train_mse=1.245e-03 | val_mse=1.059e-03 | best=No
2025-10-25 14:42:59 | INFO    | Epoch 193/200 | train_mse=1.217e-03 | val_mse=1.055e-03 | best=No
2025-10-25 14:42:59 | INFO    | Epoch 194/200 | train_mse=1.240e-03 | val_mse=1.058e-03 | best=No
2025-10-25 14:42:59 | INFO    | Epoch 195/200 | train_mse=1.223e-03 | val_mse=1.059e-03 | best=No
2025-10-25 14:43:00 | INFO    | Epoch 196/200 | train_mse=1.258e-03 | val_mse=1.056e-03 | best=No
2025-10-25 14:43:00 | INFO    | Epoch 197/200 | train_mse=1.238e-03 | val_mse=1.057e-03 | best=No
2025-10-25 14:43:00 | INFO    | Epoch 198/200 | train_mse=1.236e-03 | val_mse=1.059e-03 | best=No
2025-10-25 14:43:00 | INFO    | Epoch 199/200 | train_mse=1.210e-03 | val_mse=1.059e-03 | best=No
2025-10-25 14:43:01 | INFO    | Epoch 200/200 | train_mse=1.206e-03 | val_mse=1.057e-03 | best=No
2025-10-25 14:43:01 | INFO    | Done in 5.484e+01 s. Best val_mse=1.054e-03 @ epoch 184
2025-10-25 14:43:01 | INFO    | Best checkpoint: runs_mlp_v10/best.pt
2025-10-25 14:43:01 | INFO    | Saved module    : runs_mlp_v10/best_model.py
2025-10-25 14:43:01 | INFO    | TEST MSE (best epoch 184): 8.354e-04
