2025-09-12 16:23:56,396 | INFO    | Device: cpu
2025-09-12 16:23:56,396 | INFO    | CONFIG — PATHS
2025-09-12 16:23:56,396 | INFO    |   CSV_PATH       : all_gas.csv
2025-09-12 16:23:56,397 | INFO    |   OUT_DIR        : runs_mlp_all_gas
2025-09-12 16:23:56,397 | INFO    | CONFIG — RUNTIME
2025-09-12 16:23:56,397 | INFO    |   SEED           : 1337
2025-09-12 16:23:56,397 | INFO    |   DEVICE_FALLBACK: cuda
2025-09-12 16:23:56,397 | INFO    | CONFIG — DATA
2025-09-12 16:23:56,397 | INFO    |   VAL_SPLIT      : 1.000e-01
2025-09-12 16:23:56,397 | INFO    |   USE_GROUP_SPLIT: True
2025-09-12 16:23:56,397 | INFO    | CONFIG — OPTIMIZATION
2025-09-12 16:23:56,397 | INFO    |   EPOCHS         : 500
2025-09-12 16:23:56,397 | INFO    |   BATCH_SIZE     : 2048
2025-09-12 16:23:56,397 | INFO    |   LR             : 1.000e-03
2025-09-12 16:23:56,397 | INFO    |   WEIGHT_DECAY   : 1.000e-02
2025-09-12 16:23:56,397 | INFO    |   ETA_MIN        : 1.000e-06
2025-09-12 16:23:56,397 | INFO    |   NUM_WORKERS    : 0
2025-09-12 16:23:56,397 | INFO    | CONFIG — MODEL
2025-09-12 16:23:56,397 | INFO    |   HIDDEN         : 256
2025-09-12 16:23:56,397 | INFO    |   DEPTH          : 4
2025-09-12 16:23:56,397 | INFO    |   ACTIVATION     : relu
2025-09-12 16:23:56,397 | INFO    | CONFIG — NORMALIZATION
2025-09-12 16:23:56,397 | INFO    |   TEMP_DIVISOR   : 4.000e+03
2025-09-12 16:23:56,397 | INFO    |   LOG_EPS        : 1.000e-30
2025-09-12 16:23:56,397 | INFO    |   TARGET_ZERO_FLOOR: 1.000e-30
2025-09-12 16:23:56,397 | INFO    | CONFIG — COLUMNS
2025-09-12 16:23:56,397 | INFO    |   INPUT_COLS     : ['temperature', 'pressure', 'comp_H', 'comp_O', 'comp_C', 'comp_N', 'comp_S']
2025-09-12 16:23:56,397 | INFO    |   DROP_FROM_TARGETS: ['group_index', 'point_index']
2025-09-12 16:23:56,397 | INFO    | Loading CSV: all_gas.csv
2025-09-12 16:23:56,594 | INFO    | Loaded shape: 16000 rows x 125 columns
2025-09-12 16:23:56,617 | INFO    | Prepared inputs/targets in 2.198e-01 s
2025-09-12 16:23:56,617 | INFO    | Inputs: 7 | Targets: 116
2025-09-12 16:23:56,622 | INFO    | Group-stratified split: Train=14478 | Val=1522 | Groups=15171
2025-09-12 16:23:56,624 | INFO    | Model parameters: 2.292e+05
2025-09-12 16:23:56,624 | INFO    | Architecture    : 4x256 hidden (activation=relu)
2025-09-12 16:23:57,196 | INFO    | Epoch 001/500 | lr=1.000e-03 | train_mse=5.486e+02 train_mae=2.144e+01 train_lin_mae=6.017e-01 | val_mse=4.196e+02 val_mae=1.841e+01 val_lin_mae=1.691e-02
2025-09-12 16:23:57,282 | INFO    | Epoch 002/500 | lr=1.000e-03 | train_mse=2.419e+02 train_mae=1.307e+01 train_lin_mae=1.006e-02 | val_mse=1.532e+02 val_mae=9.781e+00 val_lin_mae=8.621e-03
2025-09-12 16:23:57,369 | INFO    | Epoch 003/500 | lr=1.000e-03 | train_mse=1.087e+02 train_mae=8.487e+00 train_lin_mae=8.662e-03 | val_mse=1.111e+02 val_mae=8.773e+00 val_lin_mae=1.020e-02
2025-09-12 16:23:57,488 | INFO    | Epoch 004/500 | lr=9.999e-04 | train_mse=9.877e+01 train_mae=8.011e+00 train_lin_mae=1.077e-02 | val_mse=9.892e+01 val_mae=7.826e+00 val_lin_mae=8.624e-03
2025-09-12 16:23:57,575 | INFO    | Epoch 005/500 | lr=9.998e-04 | train_mse=8.707e+01 train_mae=7.494e+00 train_lin_mae=8.617e-03 | val_mse=8.563e+01 val_mae=7.558e+00 val_lin_mae=8.620e-03
2025-09-12 16:23:57,668 | INFO    | Epoch 006/500 | lr=9.998e-04 | train_mse=8.295e+01 train_mae=7.333e+00 train_lin_mae=8.619e-03 | val_mse=8.426e+01 val_mae=7.308e+00 val_lin_mae=8.620e-03
2025-09-12 16:23:57,757 | INFO    | Epoch 007/500 | lr=9.996e-04 | train_mse=8.106e+01 train_mae=7.257e+00 train_lin_mae=8.618e-03 | val_mse=8.121e+01 val_mae=7.243e+00 val_lin_mae=8.618e-03
2025-09-12 16:23:57,885 | INFO    | Epoch 008/500 | lr=9.995e-04 | train_mse=7.986e+01 train_mae=7.145e+00 train_lin_mae=8.616e-03 | val_mse=8.064e+01 val_mae=7.179e+00 val_lin_mae=8.618e-03
2025-09-12 16:23:57,970 | INFO    | Epoch 009/500 | lr=9.994e-04 | train_mse=7.908e+01 train_mae=7.139e+00 train_lin_mae=8.617e-03 | val_mse=8.017e+01 val_mae=7.142e+00 val_lin_mae=8.619e-03
2025-09-12 16:23:58,055 | INFO    | Epoch 010/500 | lr=9.992e-04 | train_mse=7.834e+01 train_mae=7.076e+00 train_lin_mae=8.618e-03 | val_mse=7.943e+01 val_mae=7.121e+00 val_lin_mae=8.619e-03
2025-09-12 16:23:58,177 | INFO    | Epoch 011/500 | lr=9.990e-04 | train_mse=7.771e+01 train_mae=7.049e+00 train_lin_mae=8.618e-03 | val_mse=7.877e+01 val_mae=7.097e+00 val_lin_mae=8.619e-03
2025-09-12 16:23:58,261 | INFO    | Epoch 012/500 | lr=9.988e-04 | train_mse=7.709e+01 train_mae=7.028e+00 train_lin_mae=8.617e-03 | val_mse=7.822e+01 val_mae=7.059e+00 val_lin_mae=8.619e-03
2025-09-12 16:23:58,345 | INFO    | Epoch 013/500 | lr=9.986e-04 | train_mse=7.649e+01 train_mae=7.008e+00 train_lin_mae=8.618e-03 | val_mse=7.773e+01 val_mae=7.029e+00 val_lin_mae=8.620e-03
2025-09-12 16:23:58,429 | INFO    | Epoch 014/500 | lr=9.983e-04 | train_mse=7.581e+01 train_mae=6.972e+00 train_lin_mae=8.618e-03 | val_mse=7.698e+01 val_mae=7.001e+00 val_lin_mae=8.619e-03
2025-09-12 16:23:58,549 | INFO    | Epoch 015/500 | lr=9.981e-04 | train_mse=7.513e+01 train_mae=6.933e+00 train_lin_mae=8.618e-03 | val_mse=7.657e+01 val_mae=6.951e+00 val_lin_mae=8.620e-03
2025-09-12 16:23:58,634 | INFO    | Epoch 016/500 | lr=9.978e-04 | train_mse=7.451e+01 train_mae=6.892e+00 train_lin_mae=8.618e-03 | val_mse=7.560e+01 val_mae=6.931e+00 val_lin_mae=8.620e-03
2025-09-12 16:23:58,718 | INFO    | Epoch 017/500 | lr=9.975e-04 | train_mse=7.367e+01 train_mae=6.850e+00 train_lin_mae=8.618e-03 | val_mse=7.481e+01 val_mae=6.892e+00 val_lin_mae=8.620e-03
2025-09-12 16:23:58,811 | INFO    | Epoch 018/500 | lr=9.972e-04 | train_mse=7.283e+01 train_mae=6.814e+00 train_lin_mae=8.618e-03 | val_mse=7.388e+01 val_mae=6.861e+00 val_lin_mae=8.620e-03
2025-09-12 16:23:58,934 | INFO    | Epoch 019/500 | lr=9.968e-04 | train_mse=7.184e+01 train_mae=6.765e+00 train_lin_mae=8.618e-03 | val_mse=7.291e+01 val_mae=6.785e+00 val_lin_mae=8.620e-03
2025-09-12 16:23:59,020 | INFO    | Epoch 020/500 | lr=9.964e-04 | train_mse=7.072e+01 train_mae=6.708e+00 train_lin_mae=8.618e-03 | val_mse=7.161e+01 val_mae=6.742e+00 val_lin_mae=8.620e-03
2025-09-12 16:23:59,106 | INFO    | Epoch 021/500 | lr=9.961e-04 | train_mse=6.935e+01 train_mae=6.643e+00 train_lin_mae=8.618e-03 | val_mse=7.020e+01 val_mae=6.643e+00 val_lin_mae=8.620e-03
2025-09-12 16:23:59,227 | INFO    | Epoch 022/500 | lr=9.957e-04 | train_mse=6.768e+01 train_mae=6.555e+00 train_lin_mae=8.618e-03 | val_mse=6.819e+01 val_mae=6.553e+00 val_lin_mae=8.620e-03
2025-09-12 16:23:59,313 | INFO    | Epoch 023/500 | lr=9.952e-04 | train_mse=6.550e+01 train_mae=6.435e+00 train_lin_mae=8.618e-03 | val_mse=6.565e+01 val_mae=6.409e+00 val_lin_mae=8.620e-03
2025-09-12 16:23:59,399 | INFO    | Epoch 024/500 | lr=9.948e-04 | train_mse=6.259e+01 train_mae=6.278e+00 train_lin_mae=8.618e-03 | val_mse=6.215e+01 val_mae=6.222e+00 val_lin_mae=8.620e-03
2025-09-12 16:23:59,521 | INFO    | Epoch 025/500 | lr=9.943e-04 | train_mse=5.854e+01 train_mae=6.049e+00 train_lin_mae=8.619e-03 | val_mse=5.768e+01 val_mae=5.957e+00 val_lin_mae=8.620e-03
2025-09-12 16:23:59,607 | INFO    | Epoch 026/500 | lr=9.939e-04 | train_mse=5.372e+01 train_mae=5.736e+00 train_lin_mae=8.618e-03 | val_mse=5.339e+01 val_mae=5.612e+00 val_lin_mae=8.620e-03
2025-09-12 16:23:59,694 | INFO    | Epoch 027/500 | lr=9.933e-04 | train_mse=4.963e+01 train_mae=5.443e+00 train_lin_mae=8.639e-03 | val_mse=5.066e+01 val_mae=5.428e+00 val_lin_mae=9.254e-03
2025-09-12 16:23:59,784 | INFO    | Epoch 028/500 | lr=9.928e-04 | train_mse=4.698e+01 train_mae=5.259e+00 train_lin_mae=8.967e-03 | val_mse=4.838e+01 val_mae=5.223e+00 val_lin_mae=8.631e-03
2025-09-12 16:23:59,910 | INFO    | Epoch 029/500 | lr=9.923e-04 | train_mse=4.443e+01 train_mae=5.060e+00 train_lin_mae=8.626e-03 | val_mse=4.607e+01 val_mae=5.119e+00 val_lin_mae=8.620e-03
2025-09-12 16:23:59,995 | INFO    | Epoch 030/500 | lr=9.917e-04 | train_mse=4.226e+01 train_mae=4.907e+00 train_lin_mae=8.619e-03 | val_mse=4.436e+01 val_mae=4.896e+00 val_lin_mae=8.620e-03
2025-09-12 16:24:00,080 | INFO    | Epoch 031/500 | lr=9.912e-04 | train_mse=4.045e+01 train_mae=4.763e+00 train_lin_mae=8.620e-03 | val_mse=4.283e+01 val_mae=4.794e+00 val_lin_mae=8.622e-03
2025-09-12 16:24:00,202 | INFO    | Epoch 032/500 | lr=9.906e-04 | train_mse=3.897e+01 train_mae=4.630e+00 train_lin_mae=8.622e-03 | val_mse=4.196e+01 val_mae=4.720e+00 val_lin_mae=8.650e-03
2025-09-12 16:24:00,287 | INFO    | Epoch 033/500 | lr=9.899e-04 | train_mse=3.796e+01 train_mae=4.551e+00 train_lin_mae=8.631e-03 | val_mse=4.098e+01 val_mae=4.628e+00 val_lin_mae=8.656e-03
2025-09-12 16:24:00,372 | INFO    | Epoch 034/500 | lr=9.893e-04 | train_mse=3.712e+01 train_mae=4.495e+00 train_lin_mae=9.208e-03 | val_mse=4.041e+01 val_mae=4.584e+00 val_lin_mae=1.054e-02
2025-09-12 16:24:00,456 | INFO    | Epoch 035/500 | lr=9.886e-04 | train_mse=3.645e+01 train_mae=4.443e+00 train_lin_mae=1.945e-02 | val_mse=3.953e+01 val_mae=4.556e+00 val_lin_mae=6.623e-02
2025-09-12 16:24:00,577 | INFO    | Epoch 036/500 | lr=9.880e-04 | train_mse=3.569e+01 train_mae=4.397e+00 train_lin_mae=2.082e-01 | val_mse=3.889e+01 val_mae=4.462e+00 val_lin_mae=2.267e-01
2025-09-12 16:24:00,668 | INFO    | Epoch 037/500 | lr=9.873e-04 | train_mse=3.489e+01 train_mae=4.323e+00 train_lin_mae=1.718e+00 | val_mse=3.839e+01 val_mae=4.422e+00 val_lin_mae=8.015e-01
2025-09-12 16:24:00,756 | INFO    | Epoch 038/500 | lr=9.866e-04 | train_mse=3.430e+01 train_mae=4.283e+00 train_lin_mae=5.150e+00 | val_mse=3.759e+01 val_mae=4.383e+00 val_lin_mae=1.522e+00
2025-09-12 16:24:00,884 | INFO    | Epoch 039/500 | lr=9.858e-04 | train_mse=3.376e+01 train_mae=4.233e+00 train_lin_mae=3.248e+00 | val_mse=3.709e+01 val_mae=4.358e+00 val_lin_mae=9.400e+00
2025-09-12 16:24:00,969 | INFO    | Epoch 040/500 | lr=9.851e-04 | train_mse=3.327e+01 train_mae=4.195e+00 train_lin_mae=1.953e+01 | val_mse=3.656e+01 val_mae=4.313e+00 val_lin_mae=2.307e+00
2025-09-12 16:24:01,054 | INFO    | Epoch 041/500 | lr=9.843e-04 | train_mse=3.279e+01 train_mae=4.175e+00 train_lin_mae=1.076e+01 | val_mse=3.606e+01 val_mae=4.260e+00 val_lin_mae=5.494e+00
2025-09-12 16:24:01,139 | INFO    | Epoch 042/500 | lr=9.835e-04 | train_mse=3.227e+01 train_mae=4.105e+00 train_lin_mae=3.477e+01 | val_mse=3.562e+01 val_mae=4.215e+00 val_lin_mae=2.628e+01
2025-09-12 16:24:01,258 | INFO    | Epoch 043/500 | lr=9.827e-04 | train_mse=3.176e+01 train_mae=4.085e+00 train_lin_mae=2.826e+01 | val_mse=3.543e+01 val_mae=4.181e+00 val_lin_mae=2.869e+00
2025-09-12 16:24:01,343 | INFO    | Epoch 044/500 | lr=9.819e-04 | train_mse=3.126e+01 train_mae=4.031e+00 train_lin_mae=3.016e+01 | val_mse=3.464e+01 val_mae=4.133e+00 val_lin_mae=3.024e+01
2025-09-12 16:24:01,429 | INFO    | Epoch 045/500 | lr=9.810e-04 | train_mse=3.077e+01 train_mae=3.996e+00 train_lin_mae=6.836e+01 | val_mse=3.447e+01 val_mae=4.101e+00 val_lin_mae=7.071e+00
2025-09-12 16:24:01,551 | INFO    | Epoch 046/500 | lr=9.802e-04 | train_mse=3.041e+01 train_mae=3.958e+00 train_lin_mae=9.355e+01 | val_mse=3.387e+01 val_mae=4.058e+00 val_lin_mae=2.103e+01
2025-09-12 16:24:01,636 | INFO    | Epoch 047/500 | lr=9.793e-04 | train_mse=3.002e+01 train_mae=3.906e+00 train_lin_mae=2.207e+02 | val_mse=3.359e+01 val_mae=4.030e+00 val_lin_mae=1.692e+02
2025-09-12 16:24:01,722 | INFO    | Epoch 048/500 | lr=9.784e-04 | train_mse=2.968e+01 train_mae=3.891e+00 train_lin_mae=2.951e+02 | val_mse=3.349e+01 val_mae=4.013e+00 val_lin_mae=1.228e+01
2025-09-12 16:24:01,830 | INFO    | Epoch 049/500 | lr=9.775e-04 | train_mse=2.943e+01 train_mae=3.871e+00 train_lin_mae=5.381e+01 | val_mse=3.294e+01 val_mae=3.966e+00 val_lin_mae=6.001e+01
2025-09-12 16:24:01,966 | INFO    | Epoch 050/500 | lr=9.765e-04 | train_mse=2.912e+01 train_mae=3.828e+00 train_lin_mae=2.222e+02 | val_mse=3.274e+01 val_mae=3.938e+00 val_lin_mae=1.088e+02
2025-09-12 16:24:02,054 | INFO    | Epoch 051/500 | lr=9.756e-04 | train_mse=2.873e+01 train_mae=3.802e+00 train_lin_mae=2.451e+02 | val_mse=3.254e+01 val_mae=3.976e+00 val_lin_mae=2.105e+01
2025-09-12 16:24:02,146 | INFO    | Epoch 052/500 | lr=9.746e-04 | train_mse=2.852e+01 train_mae=3.796e+00 train_lin_mae=2.181e+02 | val_mse=3.198e+01 val_mae=3.902e+00 val_lin_mae=1.692e+02
2025-09-12 16:24:02,272 | INFO    | Epoch 053/500 | lr=9.736e-04 | train_mse=2.813e+01 train_mae=3.746e+00 train_lin_mae=5.710e+02 | val_mse=3.153e+01 val_mae=3.853e+00 val_lin_mae=1.603e+02
2025-09-12 16:24:02,361 | INFO    | Epoch 054/500 | lr=9.726e-04 | train_mse=2.767e+01 train_mae=3.718e+00 train_lin_mae=4.382e+02 | val_mse=3.172e+01 val_mae=3.860e+00 val_lin_mae=4.325e+01
2025-09-12 16:24:02,447 | INFO    | Epoch 055/500 | lr=9.715e-04 | train_mse=2.736e+01 train_mae=3.695e+00 train_lin_mae=3.688e+02 | val_mse=3.091e+01 val_mae=3.798e+00 val_lin_mae=9.576e+01
2025-09-12 16:24:02,533 | INFO    | Epoch 056/500 | lr=9.705e-04 | train_mse=2.698e+01 train_mae=3.642e+00 train_lin_mae=5.093e+02 | val_mse=3.042e+01 val_mae=3.805e+00 val_lin_mae=1.190e+02
2025-09-12 16:24:02,657 | INFO    | Epoch 057/500 | lr=9.694e-04 | train_mse=2.649e+01 train_mae=3.621e+00 train_lin_mae=1.059e+02 | val_mse=2.970e+01 val_mae=3.697e+00 val_lin_mae=9.646e+01
2025-09-12 16:24:02,747 | INFO    | Epoch 058/500 | lr=9.683e-04 | train_mse=2.582e+01 train_mae=3.537e+00 train_lin_mae=3.676e+02 | val_mse=2.918e+01 val_mae=3.647e+00 val_lin_mae=1.492e+02
2025-09-12 16:24:02,844 | INFO    | Epoch 059/500 | lr=9.672e-04 | train_mse=2.521e+01 train_mae=3.489e+00 train_lin_mae=5.951e+02 | val_mse=2.883e+01 val_mae=3.594e+00 val_lin_mae=2.852e+02
2025-09-12 16:24:02,974 | INFO    | Epoch 060/500 | lr=9.661e-04 | train_mse=2.477e+01 train_mae=3.434e+00 train_lin_mae=2.249e+02 | val_mse=2.837e+01 val_mae=3.557e+00 val_lin_mae=1.970e+02
2025-09-12 16:24:03,060 | INFO    | Epoch 061/500 | lr=9.649e-04 | train_mse=2.434e+01 train_mae=3.383e+00 train_lin_mae=5.318e+02 | val_mse=2.794e+01 val_mae=3.504e+00 val_lin_mae=2.362e+03
2025-09-12 16:24:03,149 | INFO    | Epoch 062/500 | lr=9.638e-04 | train_mse=2.404e+01 train_mae=3.359e+00 train_lin_mae=3.455e+02 | val_mse=2.760e+01 val_mae=3.477e+00 val_lin_mae=3.916e+02
2025-09-12 16:24:03,235 | INFO    | Epoch 063/500 | lr=9.626e-04 | train_mse=2.364e+01 train_mae=3.314e+00 train_lin_mae=2.314e+02 | val_mse=2.732e+01 val_mae=3.441e+00 val_lin_mae=6.434e+02
2025-09-12 16:24:03,358 | INFO    | Epoch 064/500 | lr=9.614e-04 | train_mse=2.340e+01 train_mae=3.278e+00 train_lin_mae=4.768e+02 | val_mse=2.710e+01 val_mae=3.456e+00 val_lin_mae=4.676e+02
2025-09-12 16:24:03,445 | INFO    | Epoch 065/500 | lr=9.602e-04 | train_mse=2.321e+01 train_mae=3.276e+00 train_lin_mae=2.634e+02 | val_mse=2.689e+01 val_mae=3.399e+00 val_lin_mae=1.219e+03
2025-09-12 16:24:03,529 | INFO    | Epoch 066/500 | lr=9.589e-04 | train_mse=2.295e+01 train_mae=3.240e+00 train_lin_mae=1.917e+02 | val_mse=2.665e+01 val_mae=3.354e+00 val_lin_mae=4.905e+02
2025-09-12 16:24:03,651 | INFO    | Epoch 067/500 | lr=9.577e-04 | train_mse=2.262e+01 train_mae=3.196e+00 train_lin_mae=2.146e+02 | val_mse=2.635e+01 val_mae=3.360e+00 val_lin_mae=6.748e+01
2025-09-12 16:24:03,738 | INFO    | Epoch 068/500 | lr=9.564e-04 | train_mse=2.242e+01 train_mae=3.191e+00 train_lin_mae=2.996e+02 | val_mse=2.618e+01 val_mae=3.305e+00 val_lin_mae=9.423e+02
2025-09-12 16:24:03,831 | INFO    | Epoch 069/500 | lr=9.551e-04 | train_mse=2.216e+01 train_mae=3.149e+00 train_lin_mae=2.750e+02 | val_mse=2.585e+01 val_mae=3.299e+00 val_lin_mae=1.710e+02
2025-09-12 16:24:03,957 | INFO    | Epoch 070/500 | lr=9.538e-04 | train_mse=2.195e+01 train_mae=3.136e+00 train_lin_mae=3.758e+02 | val_mse=2.564e+01 val_mae=3.241e+00 val_lin_mae=2.061e+02
2025-09-12 16:24:04,045 | INFO    | Epoch 071/500 | lr=9.525e-04 | train_mse=2.161e+01 train_mae=3.088e+00 train_lin_mae=2.375e+02 | val_mse=2.532e+01 val_mae=3.239e+00 val_lin_mae=1.307e+02
2025-09-12 16:24:04,134 | INFO    | Epoch 072/500 | lr=9.511e-04 | train_mse=2.138e+01 train_mae=3.064e+00 train_lin_mae=2.073e+02 | val_mse=2.516e+01 val_mae=3.179e+00 val_lin_mae=3.813e+02
2025-09-12 16:24:04,226 | INFO    | Epoch 073/500 | lr=9.498e-04 | train_mse=2.112e+01 train_mae=3.019e+00 train_lin_mae=4.947e+02 | val_mse=2.509e+01 val_mae=3.258e+00 val_lin_mae=2.016e+02
2025-09-12 16:24:04,347 | INFO    | Epoch 074/500 | lr=9.484e-04 | train_mse=2.112e+01 train_mae=3.042e+00 train_lin_mae=2.625e+02 | val_mse=2.483e+01 val_mae=3.152e+00 val_lin_mae=4.538e+02
2025-09-12 16:24:04,432 | INFO    | Epoch 075/500 | lr=9.470e-04 | train_mse=2.082e+01 train_mae=2.985e+00 train_lin_mae=4.744e+02 | val_mse=2.457e+01 val_mae=3.126e+00 val_lin_mae=2.195e+02
2025-09-12 16:24:04,518 | INFO    | Epoch 076/500 | lr=9.456e-04 | train_mse=2.049e+01 train_mae=2.951e+00 train_lin_mae=5.105e+02 | val_mse=2.477e+01 val_mae=3.114e+00 val_lin_mae=2.444e+02
2025-09-12 16:24:04,643 | INFO    | Epoch 077/500 | lr=9.441e-04 | train_mse=2.033e+01 train_mae=2.928e+00 train_lin_mae=2.838e+02 | val_mse=2.444e+01 val_mae=3.071e+00 val_lin_mae=3.685e+02
2025-09-12 16:24:04,740 | INFO    | Epoch 078/500 | lr=9.427e-04 | train_mse=2.012e+01 train_mae=2.897e+00 train_lin_mae=2.553e+02 | val_mse=2.383e+01 val_mae=3.032e+00 val_lin_mae=5.418e+02
2025-09-12 16:24:04,840 | INFO    | Epoch 079/500 | lr=9.412e-04 | train_mse=1.989e+01 train_mae=2.866e+00 train_lin_mae=3.189e+02 | val_mse=2.396e+01 val_mae=3.106e+00 val_lin_mae=8.545e+02
2025-09-12 16:24:04,929 | INFO    | Epoch 080/500 | lr=9.397e-04 | train_mse=1.983e+01 train_mae=2.878e+00 train_lin_mae=7.695e+02 | val_mse=2.323e+01 val_mae=2.967e+00 val_lin_mae=5.642e+02
2025-09-12 16:24:05,055 | INFO    | Epoch 081/500 | lr=9.382e-04 | train_mse=1.931e+01 train_mae=2.809e+00 train_lin_mae=5.866e+02 | val_mse=2.346e+01 val_mae=2.964e+00 val_lin_mae=5.792e+02
2025-09-12 16:24:05,138 | INFO    | Epoch 082/500 | lr=9.367e-04 | train_mse=1.914e+01 train_mae=2.780e+00 train_lin_mae=1.361e+03 | val_mse=2.267e+01 val_mae=2.913e+00 val_lin_mae=8.040e+02
2025-09-12 16:24:05,223 | INFO    | Epoch 083/500 | lr=9.352e-04 | train_mse=1.878e+01 train_mae=2.745e+00 train_lin_mae=6.506e+02 | val_mse=2.240e+01 val_mae=2.878e+00 val_lin_mae=1.344e+03
2025-09-12 16:24:05,343 | INFO    | Epoch 084/500 | lr=9.336e-04 | train_mse=1.857e+01 train_mae=2.710e+00 train_lin_mae=8.749e+02 | val_mse=2.204e+01 val_mae=2.847e+00 val_lin_mae=4.552e+02
2025-09-12 16:24:05,426 | INFO    | Epoch 085/500 | lr=9.320e-04 | train_mse=1.826e+01 train_mae=2.683e+00 train_lin_mae=9.178e+02 | val_mse=2.208e+01 val_mae=2.807e+00 val_lin_mae=9.803e+02
2025-09-12 16:24:05,507 | INFO    | Epoch 086/500 | lr=9.304e-04 | train_mse=1.806e+01 train_mae=2.649e+00 train_lin_mae=5.609e+02 | val_mse=2.170e+01 val_mae=2.803e+00 val_lin_mae=1.025e+03
2025-09-12 16:24:05,595 | INFO    | Epoch 087/500 | lr=9.288e-04 | train_mse=1.777e+01 train_mae=2.619e+00 train_lin_mae=2.114e+03 | val_mse=2.130e+01 val_mae=2.777e+00 val_lin_mae=6.757e+02
2025-09-12 16:24:05,732 | INFO    | Epoch 088/500 | lr=9.272e-04 | train_mse=1.752e+01 train_mae=2.597e+00 train_lin_mae=1.010e+03 | val_mse=2.118e+01 val_mae=2.735e+00 val_lin_mae=4.341e+02
2025-09-12 16:24:05,830 | INFO    | Epoch 089/500 | lr=9.256e-04 | train_mse=1.733e+01 train_mae=2.574e+00 train_lin_mae=6.318e+02 | val_mse=2.126e+01 val_mae=2.866e+00 val_lin_mae=3.585e+02
2025-09-12 16:24:05,915 | INFO    | Epoch 090/500 | lr=9.239e-04 | train_mse=1.744e+01 train_mae=2.629e+00 train_lin_mae=1.288e+03 | val_mse=2.107e+01 val_mae=2.710e+00 val_lin_mae=6.924e+02
2025-09-12 16:24:06,043 | INFO    | Epoch 091/500 | lr=9.222e-04 | train_mse=1.716e+01 train_mae=2.558e+00 train_lin_mae=1.033e+03 | val_mse=2.067e+01 val_mae=2.766e+00 val_lin_mae=1.901e+02
2025-09-12 16:24:06,132 | INFO    | Epoch 092/500 | lr=9.206e-04 | train_mse=1.688e+01 train_mae=2.544e+00 train_lin_mae=8.736e+02 | val_mse=2.041e+01 val_mae=2.650e+00 val_lin_mae=2.542e+02
2025-09-12 16:24:06,221 | INFO    | Epoch 093/500 | lr=9.188e-04 | train_mse=1.664e+01 train_mae=2.501e+00 train_lin_mae=4.388e+03 | val_mse=2.021e+01 val_mae=2.647e+00 val_lin_mae=8.766e+01
2025-09-12 16:24:06,309 | INFO    | Epoch 094/500 | lr=9.171e-04 | train_mse=1.645e+01 train_mae=2.479e+00 train_lin_mae=4.405e+02 | val_mse=1.991e+01 val_mae=2.640e+00 val_lin_mae=5.651e+01
2025-09-12 16:24:06,438 | INFO    | Epoch 095/500 | lr=9.154e-04 | train_mse=1.632e+01 train_mae=2.480e+00 train_lin_mae=3.027e+02 | val_mse=2.020e+01 val_mae=2.718e+00 val_lin_mae=2.285e+02
2025-09-12 16:24:06,529 | INFO    | Epoch 096/500 | lr=9.136e-04 | train_mse=1.637e+01 train_mae=2.491e+00 train_lin_mae=8.894e+02 | val_mse=1.972e+01 val_mae=2.660e+00 val_lin_mae=1.592e+02
2025-09-12 16:24:06,616 | INFO    | Epoch 097/500 | lr=9.119e-04 | train_mse=1.612e+01 train_mae=2.468e+00 train_lin_mae=4.074e+02 | val_mse=1.952e+01 val_mae=2.594e+00 val_lin_mae=5.233e+01
2025-09-12 16:24:06,765 | INFO    | Epoch 098/500 | lr=9.101e-04 | train_mse=1.603e+01 train_mae=2.458e+00 train_lin_mae=2.846e+02 | val_mse=1.953e+01 val_mae=2.573e+00 val_lin_mae=2.973e+01
2025-09-12 16:24:06,861 | INFO    | Epoch 099/500 | lr=9.083e-04 | train_mse=1.587e+01 train_mae=2.417e+00 train_lin_mae=4.019e+02 | val_mse=1.936e+01 val_mae=2.606e+00 val_lin_mae=1.474e+01
2025-09-12 16:24:06,957 | INFO    | Epoch 100/500 | lr=9.064e-04 | train_mse=1.560e+01 train_mae=2.400e+00 train_lin_mae=9.013e+01 | val_mse=1.915e+01 val_mae=2.530e+00 val_lin_mae=4.568e+01
2025-09-12 16:24:07,047 | INFO    | Epoch 101/500 | lr=9.046e-04 | train_mse=1.543e+01 train_mae=2.371e+00 train_lin_mae=3.805e+02 | val_mse=1.924e+01 val_mae=2.522e+00 val_lin_mae=2.974e+01
2025-09-12 16:24:07,172 | INFO    | Epoch 102/500 | lr=9.028e-04 | train_mse=1.540e+01 train_mae=2.363e+00 train_lin_mae=1.365e+02 | val_mse=1.904e+01 val_mae=2.590e+00 val_lin_mae=2.550e+01
2025-09-12 16:24:07,261 | INFO    | Epoch 103/500 | lr=9.009e-04 | train_mse=1.531e+01 train_mae=2.373e+00 train_lin_mae=1.871e+02 | val_mse=1.871e+01 val_mae=2.486e+00 val_lin_mae=3.646e+01
2025-09-12 16:24:07,348 | INFO    | Epoch 104/500 | lr=8.990e-04 | train_mse=1.511e+01 train_mae=2.338e+00 train_lin_mae=1.039e+02 | val_mse=1.855e+01 val_mae=2.506e+00 val_lin_mae=1.978e+01
2025-09-12 16:24:07,473 | INFO    | Epoch 105/500 | lr=8.971e-04 | train_mse=1.505e+01 train_mae=2.336e+00 train_lin_mae=6.038e+01 | val_mse=1.838e+01 val_mae=2.493e+00 val_lin_mae=2.280e+01
2025-09-12 16:24:07,567 | INFO    | Epoch 106/500 | lr=8.952e-04 | train_mse=1.498e+01 train_mae=2.341e+00 train_lin_mae=1.035e+02 | val_mse=1.846e+01 val_mae=2.453e+00 val_lin_mae=7.335e+01
2025-09-12 16:24:07,649 | INFO    | Epoch 107/500 | lr=8.933e-04 | train_mse=1.490e+01 train_mae=2.318e+00 train_lin_mae=2.034e+02 | val_mse=1.822e+01 val_mae=2.454e+00 val_lin_mae=2.643e+01
2025-09-12 16:24:07,738 | INFO    | Epoch 108/500 | lr=8.913e-04 | train_mse=1.477e+01 train_mae=2.302e+00 train_lin_mae=1.079e+02 | val_mse=1.807e+01 val_mae=2.494e+00 val_lin_mae=3.392e+01
2025-09-12 16:24:07,870 | INFO    | Epoch 109/500 | lr=8.893e-04 | train_mse=1.466e+01 train_mae=2.313e+00 train_lin_mae=1.048e+02 | val_mse=1.848e+01 val_mae=2.442e+00 val_lin_mae=2.344e+01
2025-09-12 16:24:07,956 | INFO    | Epoch 110/500 | lr=8.874e-04 | train_mse=1.464e+01 train_mae=2.292e+00 train_lin_mae=5.790e+01 | val_mse=1.789e+01 val_mae=2.440e+00 val_lin_mae=1.861e+01
2025-09-12 16:24:08,043 | INFO    | Epoch 111/500 | lr=8.854e-04 | train_mse=1.447e+01 train_mae=2.277e+00 train_lin_mae=1.857e+02 | val_mse=1.776e+01 val_mae=2.451e+00 val_lin_mae=1.506e+01
2025-09-12 16:24:08,182 | INFO    | Epoch 112/500 | lr=8.834e-04 | train_mse=1.455e+01 train_mae=2.300e+00 train_lin_mae=1.145e+02 | val_mse=1.805e+01 val_mae=2.421e+00 val_lin_mae=1.362e+01
2025-09-12 16:24:08,276 | INFO    | Epoch 113/500 | lr=8.813e-04 | train_mse=1.442e+01 train_mae=2.271e+00 train_lin_mae=3.453e+01 | val_mse=1.778e+01 val_mae=2.415e+00 val_lin_mae=2.241e+01
2025-09-12 16:24:08,363 | INFO    | Epoch 114/500 | lr=8.793e-04 | train_mse=1.426e+01 train_mae=2.255e+00 train_lin_mae=8.177e+01 | val_mse=1.754e+01 val_mae=2.402e+00 val_lin_mae=1.040e+01
2025-09-12 16:24:08,449 | INFO    | Epoch 115/500 | lr=8.772e-04 | train_mse=1.410e+01 train_mae=2.244e+00 train_lin_mae=5.597e+01 | val_mse=1.750e+01 val_mae=2.415e+00 val_lin_mae=1.535e+01
2025-09-12 16:24:08,572 | INFO    | Epoch 116/500 | lr=8.752e-04 | train_mse=1.408e+01 train_mae=2.243e+00 train_lin_mae=5.380e+01 | val_mse=1.742e+01 val_mae=2.406e+00 val_lin_mae=1.140e+01
2025-09-12 16:24:08,658 | INFO    | Epoch 117/500 | lr=8.731e-04 | train_mse=1.402e+01 train_mae=2.243e+00 train_lin_mae=4.335e+01 | val_mse=1.736e+01 val_mae=2.365e+00 val_lin_mae=4.645e+00
2025-09-12 16:24:08,744 | INFO    | Epoch 118/500 | lr=8.710e-04 | train_mse=1.393e+01 train_mae=2.222e+00 train_lin_mae=1.872e+01 | val_mse=1.751e+01 val_mae=2.376e+00 val_lin_mae=1.006e+01
2025-09-12 16:24:08,868 | INFO    | Epoch 119/500 | lr=8.689e-04 | train_mse=1.385e+01 train_mae=2.219e+00 train_lin_mae=6.680e+01 | val_mse=1.707e+01 val_mae=2.401e+00 val_lin_mae=1.290e+01
2025-09-12 16:24:08,953 | INFO    | Epoch 120/500 | lr=8.668e-04 | train_mse=1.374e+01 train_mae=2.217e+00 train_lin_mae=4.743e+01 | val_mse=1.719e+01 val_mae=2.351e+00 val_lin_mae=1.549e+01
2025-09-12 16:24:09,037 | INFO    | Epoch 121/500 | lr=8.646e-04 | train_mse=1.371e+01 train_mae=2.205e+00 train_lin_mae=6.652e+01 | val_mse=1.732e+01 val_mae=2.357e+00 val_lin_mae=4.458e+00
2025-09-12 16:24:09,116 | INFO    | Epoch 122/500 | lr=8.625e-04 | train_mse=1.370e+01 train_mae=2.203e+00 train_lin_mae=2.490e+01 | val_mse=1.722e+01 val_mae=2.347e+00 val_lin_mae=1.381e+01
2025-09-12 16:24:09,235 | INFO    | Epoch 123/500 | lr=8.603e-04 | train_mse=1.357e+01 train_mae=2.190e+00 train_lin_mae=6.251e+01 | val_mse=1.670e+01 val_mae=2.334e+00 val_lin_mae=6.099e+00
2025-09-12 16:24:09,319 | INFO    | Epoch 124/500 | lr=8.581e-04 | train_mse=1.345e+01 train_mae=2.180e+00 train_lin_mae=3.199e+01 | val_mse=1.667e+01 val_mae=2.348e+00 val_lin_mae=2.416e+00
2025-09-12 16:24:09,403 | INFO    | Epoch 125/500 | lr=8.559e-04 | train_mse=1.344e+01 train_mae=2.185e+00 train_lin_mae=3.192e+01 | val_mse=1.655e+01 val_mae=2.327e+00 val_lin_mae=4.143e+00
2025-09-12 16:24:09,524 | INFO    | Epoch 126/500 | lr=8.537e-04 | train_mse=1.334e+01 train_mae=2.176e+00 train_lin_mae=2.876e+01 | val_mse=1.661e+01 val_mae=2.291e+00 val_lin_mae=3.618e+00
2025-09-12 16:24:09,606 | INFO    | Epoch 127/500 | lr=8.515e-04 | train_mse=1.324e+01 train_mae=2.158e+00 train_lin_mae=3.733e+01 | val_mse=1.653e+01 val_mae=2.351e+00 val_lin_mae=5.250e+00
2025-09-12 16:24:09,690 | INFO    | Epoch 128/500 | lr=8.492e-04 | train_mse=1.322e+01 train_mae=2.152e+00 train_lin_mae=4.889e+01 | val_mse=1.628e+01 val_mae=2.302e+00 val_lin_mae=2.591e+00
2025-09-12 16:24:09,779 | INFO    | Epoch 129/500 | lr=8.470e-04 | train_mse=1.310e+01 train_mae=2.146e+00 train_lin_mae=2.764e+01 | val_mse=1.634e+01 val_mae=2.297e+00 val_lin_mae=5.349e+00
2025-09-12 16:24:09,946 | INFO    | Epoch 130/500 | lr=8.447e-04 | train_mse=1.308e+01 train_mae=2.151e+00 train_lin_mae=6.107e+01 | val_mse=1.633e+01 val_mae=2.268e+00 val_lin_mae=1.818e+00
2025-09-12 16:24:10,031 | INFO    | Epoch 131/500 | lr=8.424e-04 | train_mse=1.301e+01 train_mae=2.130e+00 train_lin_mae=3.836e+01 | val_mse=1.606e+01 val_mae=2.283e+00 val_lin_mae=1.671e+00
2025-09-12 16:24:10,121 | INFO    | Epoch 132/500 | lr=8.401e-04 | train_mse=1.291e+01 train_mae=2.129e+00 train_lin_mae=3.348e+01 | val_mse=1.617e+01 val_mae=2.307e+00 val_lin_mae=1.594e+00
2025-09-12 16:24:10,246 | INFO    | Epoch 133/500 | lr=8.378e-04 | train_mse=1.293e+01 train_mae=2.138e+00 train_lin_mae=6.881e+01 | val_mse=1.637e+01 val_mae=2.270e+00 val_lin_mae=1.896e+00
2025-09-12 16:24:10,326 | INFO    | Epoch 134/500 | lr=8.355e-04 | train_mse=1.287e+01 train_mae=2.123e+00 train_lin_mae=4.846e+01 | val_mse=1.602e+01 val_mae=2.265e+00 val_lin_mae=1.742e+00
2025-09-12 16:24:10,409 | INFO    | Epoch 135/500 | lr=8.332e-04 | train_mse=1.286e+01 train_mae=2.132e+00 train_lin_mae=8.004e+01 | val_mse=1.614e+01 val_mae=2.264e+00 val_lin_mae=2.223e+00
2025-09-12 16:24:10,491 | INFO    | Epoch 136/500 | lr=8.308e-04 | train_mse=1.278e+01 train_mae=2.118e+00 train_lin_mae=5.161e+01 | val_mse=1.589e+01 val_mae=2.292e+00 val_lin_mae=1.994e+00
2025-09-12 16:24:10,619 | INFO    | Epoch 137/500 | lr=8.285e-04 | train_mse=1.270e+01 train_mae=2.114e+00 train_lin_mae=5.014e+01 | val_mse=1.583e+01 val_mae=2.245e+00 val_lin_mae=2.635e+00
2025-09-12 16:24:10,713 | INFO    | Epoch 138/500 | lr=8.261e-04 | train_mse=1.258e+01 train_mae=2.093e+00 train_lin_mae=6.532e+01 | val_mse=1.592e+01 val_mae=2.255e+00 val_lin_mae=2.154e+00
2025-09-12 16:24:10,804 | INFO    | Epoch 139/500 | lr=8.237e-04 | train_mse=1.263e+01 train_mae=2.109e+00 train_lin_mae=6.043e+01 | val_mse=1.583e+01 val_mae=2.292e+00 val_lin_mae=1.785e+00
2025-09-12 16:24:10,927 | INFO    | Epoch 140/500 | lr=8.213e-04 | train_mse=1.262e+01 train_mae=2.113e+00 train_lin_mae=1.082e+02 | val_mse=1.561e+01 val_mae=2.308e+00 val_lin_mae=2.157e+00
2025-09-12 16:24:11,010 | INFO    | Epoch 141/500 | lr=8.189e-04 | train_mse=1.251e+01 train_mae=2.107e+00 train_lin_mae=2.011e+01 | val_mse=1.552e+01 val_mae=2.236e+00 val_lin_mae=3.288e+00
2025-09-12 16:24:11,096 | INFO    | Epoch 142/500 | lr=8.165e-04 | train_mse=1.249e+01 train_mae=2.095e+00 train_lin_mae=7.650e+01 | val_mse=1.540e+01 val_mae=2.231e+00 val_lin_mae=1.444e+00
2025-09-12 16:24:11,184 | INFO    | Epoch 143/500 | lr=8.140e-04 | train_mse=1.230e+01 train_mae=2.079e+00 train_lin_mae=1.574e+01 | val_mse=1.537e+01 val_mae=2.221e+00 val_lin_mae=2.021e+00
2025-09-12 16:24:11,314 | INFO    | Epoch 144/500 | lr=8.116e-04 | train_mse=1.222e+01 train_mae=2.064e+00 train_lin_mae=4.663e+01 | val_mse=1.523e+01 val_mae=2.263e+00 val_lin_mae=1.978e+00
2025-09-12 16:24:11,401 | INFO    | Epoch 145/500 | lr=8.091e-04 | train_mse=1.235e+01 train_mae=2.098e+00 train_lin_mae=9.722e+01 | val_mse=1.542e+01 val_mae=2.307e+00 val_lin_mae=7.835e-01
2025-09-12 16:24:11,485 | INFO    | Epoch 146/500 | lr=8.066e-04 | train_mse=1.247e+01 train_mae=2.110e+00 train_lin_mae=4.973e+01 | val_mse=1.539e+01 val_mae=2.248e+00 val_lin_mae=2.555e+00
2025-09-12 16:24:11,606 | INFO    | Epoch 147/500 | lr=8.042e-04 | train_mse=1.229e+01 train_mae=2.091e+00 train_lin_mae=2.264e+01 | val_mse=1.543e+01 val_mae=2.201e+00 val_lin_mae=1.727e+00
2025-09-12 16:24:11,689 | INFO    | Epoch 148/500 | lr=8.017e-04 | train_mse=1.207e+01 train_mae=2.051e+00 train_lin_mae=1.438e+01 | val_mse=1.505e+01 val_mae=2.189e+00 val_lin_mae=8.631e-01
2025-09-12 16:24:11,782 | INFO    | Epoch 149/500 | lr=7.992e-04 | train_mse=1.199e+01 train_mae=2.042e+00 train_lin_mae=6.667e+00 | val_mse=1.514e+01 val_mae=2.202e+00 val_lin_mae=1.285e+00
2025-09-12 16:24:11,874 | INFO    | Epoch 150/500 | lr=7.966e-04 | train_mse=1.193e+01 train_mae=2.036e+00 train_lin_mae=1.103e+01 | val_mse=1.509e+01 val_mae=2.254e+00 val_lin_mae=9.514e-01
2025-09-12 16:24:11,998 | INFO    | Epoch 151/500 | lr=7.941e-04 | train_mse=1.200e+01 train_mae=2.045e+00 train_lin_mae=1.221e+01 | val_mse=1.477e+01 val_mae=2.175e+00 val_lin_mae=1.153e+00
2025-09-12 16:24:12,100 | INFO    | Epoch 152/500 | lr=7.916e-04 | train_mse=1.182e+01 train_mae=2.027e+00 train_lin_mae=1.264e+01 | val_mse=1.493e+01 val_mae=2.160e+00 val_lin_mae=2.005e+00
2025-09-12 16:24:12,181 | INFO    | Epoch 153/500 | lr=7.890e-04 | train_mse=1.177e+01 train_mae=2.020e+00 train_lin_mae=4.176e+01 | val_mse=1.544e+01 val_mae=2.185e+00 val_lin_mae=7.315e-01
2025-09-12 16:24:12,298 | INFO    | Epoch 154/500 | lr=7.864e-04 | train_mse=1.195e+01 train_mae=2.034e+00 train_lin_mae=9.487e+00 | val_mse=1.505e+01 val_mae=2.182e+00 val_lin_mae=1.164e+00
2025-09-12 16:24:12,381 | INFO    | Epoch 155/500 | lr=7.839e-04 | train_mse=1.182e+01 train_mae=2.021e+00 train_lin_mae=1.057e+01 | val_mse=1.527e+01 val_mae=2.298e+00 val_lin_mae=1.307e+00
2025-09-12 16:24:12,461 | INFO    | Epoch 156/500 | lr=7.813e-04 | train_mse=1.203e+01 train_mae=2.056e+00 train_lin_mae=2.581e+01 | val_mse=1.531e+01 val_mae=2.155e+00 val_lin_mae=1.200e+00
2025-09-12 16:24:12,568 | INFO    | Epoch 157/500 | lr=7.787e-04 | train_mse=1.183e+01 train_mae=2.023e+00 train_lin_mae=8.885e+00 | val_mse=1.464e+01 val_mae=2.162e+00 val_lin_mae=2.094e+00
2025-09-12 16:24:12,693 | INFO    | Epoch 158/500 | lr=7.760e-04 | train_mse=1.175e+01 train_mae=2.018e+00 train_lin_mae=7.434e+00 | val_mse=1.442e+01 val_mae=2.175e+00 val_lin_mae=2.862e+00
2025-09-12 16:24:12,787 | INFO    | Epoch 159/500 | lr=7.734e-04 | train_mse=1.161e+01 train_mae=2.012e+00 train_lin_mae=7.933e+00 | val_mse=1.481e+01 val_mae=2.135e+00 val_lin_mae=9.429e-01
2025-09-12 16:24:12,873 | INFO    | Epoch 160/500 | lr=7.708e-04 | train_mse=1.148e+01 train_mae=1.991e+00 train_lin_mae=9.592e+00 | val_mse=1.434e+01 val_mae=2.133e+00 val_lin_mae=1.501e+00
2025-09-12 16:24:12,997 | INFO    | Epoch 161/500 | lr=7.681e-04 | train_mse=1.141e+01 train_mae=1.981e+00 train_lin_mae=7.382e+00 | val_mse=1.462e+01 val_mae=2.210e+00 val_lin_mae=6.875e-01
2025-09-12 16:24:13,080 | INFO    | Epoch 162/500 | lr=7.655e-04 | train_mse=1.158e+01 train_mae=2.007e+00 train_lin_mae=7.397e+00 | val_mse=1.458e+01 val_mae=2.124e+00 val_lin_mae=8.728e-01
2025-09-12 16:24:13,164 | INFO    | Epoch 163/500 | lr=7.628e-04 | train_mse=1.147e+01 train_mae=1.998e+00 train_lin_mae=1.933e+01 | val_mse=1.530e+01 val_mae=2.135e+00 val_lin_mae=1.647e+00
2025-09-12 16:24:13,248 | INFO    | Epoch 164/500 | lr=7.601e-04 | train_mse=1.176e+01 train_mae=2.008e+00 train_lin_mae=1.591e+01 | val_mse=1.442e+01 val_mae=2.174e+00 val_lin_mae=1.050e+00
2025-09-12 16:24:13,368 | INFO    | Epoch 165/500 | lr=7.575e-04 | train_mse=1.137e+01 train_mae=1.987e+00 train_lin_mae=7.682e+00 | val_mse=1.442e+01 val_mae=2.133e+00 val_lin_mae=1.036e+00
2025-09-12 16:24:13,450 | INFO    | Epoch 166/500 | lr=7.548e-04 | train_mse=1.124e+01 train_mae=1.971e+00 train_lin_mae=1.435e+01 | val_mse=1.441e+01 val_mae=2.107e+00 val_lin_mae=1.170e+00
2025-09-12 16:24:13,531 | INFO    | Epoch 167/500 | lr=7.521e-04 | train_mse=1.123e+01 train_mae=1.965e+00 train_lin_mae=8.641e+00 | val_mse=1.412e+01 val_mae=2.108e+00 val_lin_mae=9.739e-01
2025-09-12 16:24:13,653 | INFO    | Epoch 168/500 | lr=7.493e-04 | train_mse=1.115e+01 train_mae=1.962e+00 train_lin_mae=1.265e+01 | val_mse=1.422e+01 val_mae=2.135e+00 val_lin_mae=2.223e+00
2025-09-12 16:24:13,738 | INFO    | Epoch 169/500 | lr=7.466e-04 | train_mse=1.110e+01 train_mae=1.966e+00 train_lin_mae=2.718e+01 | val_mse=1.408e+01 val_mae=2.099e+00 val_lin_mae=1.066e+00
2025-09-12 16:24:13,830 | INFO    | Epoch 170/500 | lr=7.439e-04 | train_mse=1.105e+01 train_mae=1.957e+00 train_lin_mae=5.287e+00 | val_mse=1.434e+01 val_mae=2.096e+00 val_lin_mae=7.737e-01
2025-09-12 16:24:13,916 | INFO    | Epoch 171/500 | lr=7.411e-04 | train_mse=1.109e+01 train_mae=1.953e+00 train_lin_mae=6.644e+00 | val_mse=1.419e+01 val_mae=2.084e+00 val_lin_mae=1.512e+00
2025-09-12 16:24:14,034 | INFO    | Epoch 172/500 | lr=7.384e-04 | train_mse=1.100e+01 train_mae=1.936e+00 train_lin_mae=1.023e+01 | val_mse=1.397e+01 val_mae=2.086e+00 val_lin_mae=8.888e-01
2025-09-12 16:24:14,130 | INFO    | Epoch 173/500 | lr=7.356e-04 | train_mse=1.087e+01 train_mae=1.932e+00 train_lin_mae=1.119e+01 | val_mse=1.372e+01 val_mae=2.115e+00 val_lin_mae=9.963e-01
2025-09-12 16:24:14,225 | INFO    | Epoch 174/500 | lr=7.328e-04 | train_mse=1.090e+01 train_mae=1.943e+00 train_lin_mae=7.107e+00 | val_mse=1.456e+01 val_mae=2.251e+00 val_lin_mae=6.375e-01
2025-09-12 16:24:14,350 | INFO    | Epoch 175/500 | lr=7.301e-04 | train_mse=1.134e+01 train_mae=1.999e+00 train_lin_mae=8.050e+00 | val_mse=1.379e+01 val_mae=2.083e+00 val_lin_mae=6.897e-01
2025-09-12 16:24:14,431 | INFO    | Epoch 176/500 | lr=7.273e-04 | train_mse=1.094e+01 train_mae=1.953e+00 train_lin_mae=8.317e+00 | val_mse=1.413e+01 val_mae=2.066e+00 val_lin_mae=7.885e-01
2025-09-12 16:24:14,512 | INFO    | Epoch 177/500 | lr=7.245e-04 | train_mse=1.093e+01 train_mae=1.921e+00 train_lin_mae=1.361e+01 | val_mse=1.414e+01 val_mae=2.172e+00 val_lin_mae=7.044e-01
2025-09-12 16:24:14,597 | INFO    | Epoch 178/500 | lr=7.217e-04 | train_mse=1.123e+01 train_mae=1.961e+00 train_lin_mae=1.865e+01 | val_mse=1.379e+01 val_mae=2.167e+00 val_lin_mae=7.046e-01
2025-09-12 16:24:14,726 | INFO    | Epoch 179/500 | lr=7.188e-04 | train_mse=1.122e+01 train_mae=1.993e+00 train_lin_mae=1.439e+01 | val_mse=1.374e+01 val_mae=2.139e+00 val_lin_mae=1.331e+00
2025-09-12 16:24:14,818 | INFO    | Epoch 180/500 | lr=7.160e-04 | train_mse=1.086e+01 train_mae=1.954e+00 train_lin_mae=6.997e+00 | val_mse=1.403e+01 val_mae=2.089e+00 val_lin_mae=9.910e-01
2025-09-12 16:24:14,923 | INFO    | Epoch 181/500 | lr=7.132e-04 | train_mse=1.068e+01 train_mae=1.910e+00 train_lin_mae=5.100e+00 | val_mse=1.360e+01 val_mae=2.136e+00 val_lin_mae=8.396e-01
2025-09-12 16:24:15,061 | INFO    | Epoch 182/500 | lr=7.103e-04 | train_mse=1.071e+01 train_mae=1.920e+00 train_lin_mae=5.271e+00 | val_mse=1.380e+01 val_mae=2.075e+00 val_lin_mae=9.338e-01
2025-09-12 16:24:15,157 | INFO    | Epoch 183/500 | lr=7.075e-04 | train_mse=1.071e+01 train_mae=1.919e+00 train_lin_mae=6.435e+00 | val_mse=1.373e+01 val_mae=2.043e+00 val_lin_mae=6.757e-01
2025-09-12 16:24:15,248 | INFO    | Epoch 184/500 | lr=7.046e-04 | train_mse=1.073e+01 train_mae=1.907e+00 train_lin_mae=7.078e+00 | val_mse=1.354e+01 val_mae=2.071e+00 val_lin_mae=6.611e-01
2025-09-12 16:24:15,343 | INFO    | Epoch 185/500 | lr=7.018e-04 | train_mse=1.048e+01 train_mae=1.892e+00 train_lin_mae=4.535e+00 | val_mse=1.340e+01 val_mae=2.038e+00 val_lin_mae=5.731e-01
2025-09-12 16:24:15,476 | INFO    | Epoch 186/500 | lr=6.989e-04 | train_mse=1.051e+01 train_mae=1.884e+00 train_lin_mae=6.987e+00 | val_mse=1.327e+01 val_mae=2.073e+00 val_lin_mae=7.951e-01
2025-09-12 16:24:15,569 | INFO    | Epoch 187/500 | lr=6.960e-04 | train_mse=1.044e+01 train_mae=1.889e+00 train_lin_mae=1.106e+01 | val_mse=1.311e+01 val_mae=2.021e+00 val_lin_mae=7.036e-01
2025-09-12 16:24:15,664 | INFO    | Epoch 188/500 | lr=6.931e-04 | train_mse=1.033e+01 train_mae=1.870e+00 train_lin_mae=5.696e+00 | val_mse=1.434e+01 val_mae=2.208e+00 val_lin_mae=8.865e-01
2025-09-12 16:24:15,797 | INFO    | Epoch 189/500 | lr=6.902e-04 | train_mse=1.096e+01 train_mae=1.941e+00 train_lin_mae=5.590e+01 | val_mse=1.373e+01 val_mae=2.017e+00 val_lin_mae=1.045e+00
2025-09-12 16:24:15,884 | INFO    | Epoch 190/500 | lr=6.873e-04 | train_mse=1.036e+01 train_mae=1.865e+00 train_lin_mae=7.061e+00 | val_mse=1.312e+01 val_mae=1.996e+00 val_lin_mae=8.480e-01
2025-09-12 16:24:15,971 | INFO    | Epoch 191/500 | lr=6.844e-04 | train_mse=1.018e+01 train_mae=1.849e+00 train_lin_mae=7.576e+00 | val_mse=1.292e+01 val_mae=2.025e+00 val_lin_mae=7.316e-01
2025-09-12 16:24:16,058 | INFO    | Epoch 192/500 | lr=6.815e-04 | train_mse=1.018e+01 train_mae=1.856e+00 train_lin_mae=1.513e+01 | val_mse=1.376e+01 val_mae=1.996e+00 val_lin_mae=6.518e-01
2025-09-12 16:24:16,175 | INFO    | Epoch 193/500 | lr=6.785e-04 | train_mse=1.025e+01 train_mae=1.844e+00 train_lin_mae=8.037e+00 | val_mse=1.289e+01 val_mae=1.991e+00 val_lin_mae=8.047e-01
2025-09-12 16:24:16,259 | INFO    | Epoch 194/500 | lr=6.756e-04 | train_mse=1.006e+01 train_mae=1.834e+00 train_lin_mae=1.041e+01 | val_mse=1.293e+01 val_mae=1.995e+00 val_lin_mae=1.259e+00
2025-09-12 16:24:16,342 | INFO    | Epoch 195/500 | lr=6.726e-04 | train_mse=1.003e+01 train_mae=1.836e+00 train_lin_mae=1.215e+01 | val_mse=1.287e+01 val_mae=1.994e+00 val_lin_mae=1.011e+00
2025-09-12 16:24:16,468 | INFO    | Epoch 196/500 | lr=6.697e-04 | train_mse=1.004e+01 train_mae=1.837e+00 train_lin_mae=1.261e+02 | val_mse=1.290e+01 val_mae=1.978e+00 val_lin_mae=9.253e-01
2025-09-12 16:24:16,552 | INFO    | Epoch 197/500 | lr=6.667e-04 | train_mse=9.953e+00 train_mae=1.826e+00 train_lin_mae=8.074e+00 | val_mse=1.272e+01 val_mae=2.012e+00 val_lin_mae=9.636e-01
2025-09-12 16:24:16,636 | INFO    | Epoch 198/500 | lr=6.638e-04 | train_mse=1.004e+01 train_mae=1.837e+00 train_lin_mae=4.836e+02 | val_mse=1.387e+01 val_mae=2.028e+00 val_lin_mae=1.209e+00
2025-09-12 16:24:16,717 | INFO    | Epoch 199/500 | lr=6.608e-04 | train_mse=1.026e+01 train_mae=1.849e+00 train_lin_mae=2.263e+03 | val_mse=1.315e+01 val_mae=2.076e+00 val_lin_mae=1.121e+00
2025-09-12 16:24:16,845 | INFO    | Epoch 200/500 | lr=6.578e-04 | train_mse=1.016e+01 train_mae=1.850e+00 train_lin_mae=5.804e+02 | val_mse=1.293e+01 val_mae=2.039e+00 val_lin_mae=1.013e+00
2025-09-12 16:24:16,939 | INFO    | Epoch 201/500 | lr=6.549e-04 | train_mse=1.011e+01 train_mae=1.869e+00 train_lin_mae=1.253e+01 | val_mse=1.299e+01 val_mae=2.045e+00 val_lin_mae=1.936e+00
2025-09-12 16:24:17,028 | INFO    | Epoch 202/500 | lr=6.519e-04 | train_mse=1.011e+01 train_mae=1.848e+00 train_lin_mae=3.374e+01 | val_mse=1.308e+01 val_mae=1.955e+00 val_lin_mae=6.443e-01
2025-09-12 16:24:17,159 | INFO    | Epoch 203/500 | lr=6.489e-04 | train_mse=9.950e+00 train_mae=1.817e+00 train_lin_mae=1.390e+03 | val_mse=1.267e+01 val_mae=1.988e+00 val_lin_mae=5.683e-01
2025-09-12 16:24:17,251 | INFO    | Epoch 204/500 | lr=6.459e-04 | train_mse=9.829e+00 train_mae=1.819e+00 train_lin_mae=2.379e+03 | val_mse=1.268e+01 val_mae=1.960e+00 val_lin_mae=4.125e-01
2025-09-12 16:24:17,345 | INFO    | Epoch 205/500 | lr=6.429e-04 | train_mse=9.801e+00 train_mae=1.811e+00 train_lin_mae=8.002e+03 | val_mse=1.280e+01 val_mae=1.996e+00 val_lin_mae=9.395e-01
2025-09-12 16:24:17,435 | INFO    | Epoch 206/500 | lr=6.399e-04 | train_mse=9.829e+00 train_mae=1.815e+00 train_lin_mae=1.624e+05 | val_mse=1.249e+01 val_mae=1.954e+00 val_lin_mae=6.781e-01
2025-09-12 16:24:17,569 | INFO    | Epoch 207/500 | lr=6.368e-04 | train_mse=9.647e+00 train_mae=1.794e+00 train_lin_mae=3.078e+01 | val_mse=1.236e+01 val_mae=1.957e+00 val_lin_mae=1.005e+00
2025-09-12 16:24:17,663 | INFO    | Epoch 208/500 | lr=6.338e-04 | train_mse=9.695e+00 train_mae=1.799e+00 train_lin_mae=1.394e+04 | val_mse=1.277e+01 val_mae=1.959e+00 val_lin_mae=7.663e-01
2025-09-12 16:24:17,756 | INFO    | Epoch 209/500 | lr=6.308e-04 | train_mse=9.728e+00 train_mae=1.803e+00 train_lin_mae=2.414e+04 | val_mse=1.253e+01 val_mae=1.994e+00 val_lin_mae=8.817e-01
2025-09-12 16:24:17,878 | INFO    | Epoch 210/500 | lr=6.278e-04 | train_mse=9.657e+00 train_mae=1.797e+00 train_lin_mae=5.164e+03 | val_mse=1.274e+01 val_mae=1.938e+00 val_lin_mae=7.128e-01
2025-09-12 16:24:17,983 | INFO    | Epoch 211/500 | lr=6.247e-04 | train_mse=9.638e+00 train_mae=1.795e+00 train_lin_mae=1.688e+04 | val_mse=1.247e+01 val_mae=1.947e+00 val_lin_mae=1.799e+00
2025-09-12 16:24:18,073 | INFO    | Epoch 212/500 | lr=6.217e-04 | train_mse=9.611e+00 train_mae=1.789e+00 train_lin_mae=4.973e+02 | val_mse=1.236e+01 val_mae=1.952e+00 val_lin_mae=7.380e+01
2025-09-12 16:24:18,158 | INFO    | Epoch 213/500 | lr=6.186e-04 | train_mse=9.707e+00 train_mae=1.794e+00 train_lin_mae=5.541e+05 | val_mse=1.229e+01 val_mae=1.934e+00 val_lin_mae=7.697e-01
2025-09-12 16:24:18,280 | INFO    | Epoch 214/500 | lr=6.156e-04 | train_mse=9.609e+00 train_mae=1.783e+00 train_lin_mae=2.692e+04 | val_mse=1.291e+01 val_mae=1.920e+00 val_lin_mae=9.382e-01
2025-09-12 16:24:18,364 | INFO    | Epoch 215/500 | lr=6.125e-04 | train_mse=9.673e+00 train_mae=1.773e+00 train_lin_mae=7.611e+04 | val_mse=1.246e+01 val_mae=2.003e+00 val_lin_mae=1.292e+03
2025-09-12 16:24:18,448 | INFO    | Epoch 216/500 | lr=6.095e-04 | train_mse=9.578e+00 train_mae=1.787e+00 train_lin_mae=1.848e+04 | val_mse=1.225e+01 val_mae=1.933e+00 val_lin_mae=8.441e+01
2025-09-12 16:24:18,585 | INFO    | Epoch 217/500 | lr=6.064e-04 | train_mse=9.595e+00 train_mae=1.784e+00 train_lin_mae=1.713e+06 | val_mse=1.264e+01 val_mae=1.942e+00 val_lin_mae=3.651e+00
2025-09-12 16:24:18,668 | INFO    | Epoch 218/500 | lr=6.033e-04 | train_mse=9.501e+00 train_mae=1.778e+00 train_lin_mae=1.138e+04 | val_mse=1.251e+01 val_mae=1.934e+00 val_lin_mae=1.395e+00
2025-09-12 16:24:18,756 | INFO    | Epoch 219/500 | lr=6.003e-04 | train_mse=9.451e+00 train_mae=1.776e+00 train_lin_mae=4.079e+04 | val_mse=1.253e+01 val_mae=2.013e+00 val_lin_mae=2.393e+03
2025-09-12 16:24:18,845 | INFO    | Epoch 220/500 | lr=5.972e-04 | train_mse=9.597e+00 train_mae=1.803e+00 train_lin_mae=1.355e+06 | val_mse=1.277e+01 val_mae=1.908e+00 val_lin_mae=8.195e-01
2025-09-12 16:24:18,971 | INFO    | Epoch 221/500 | lr=5.941e-04 | train_mse=9.429e+00 train_mae=1.762e+00 train_lin_mae=9.321e+04 | val_mse=1.276e+01 val_mae=1.903e+00 val_lin_mae=9.858e-01
2025-09-12 16:24:19,063 | INFO    | Epoch 222/500 | lr=5.910e-04 | train_mse=9.529e+00 train_mae=1.758e+00 train_lin_mae=1.158e+05 | val_mse=1.280e+01 val_mae=1.996e+00 val_lin_mae=2.976e+06
2025-09-12 16:24:19,151 | INFO    | Epoch 223/500 | lr=5.879e-04 | train_mse=9.820e+00 train_mae=1.792e+00 train_lin_mae=4.341e+07 | val_mse=1.324e+01 val_mae=1.912e+00 val_lin_mae=9.865e-01
2025-09-12 16:24:19,289 | INFO    | Epoch 224/500 | lr=5.848e-04 | train_mse=9.517e+00 train_mae=1.754e+00 train_lin_mae=7.000e+04 | val_mse=1.233e+01 val_mae=1.967e+00 val_lin_mae=1.892e+03
2025-09-12 16:24:19,372 | INFO    | Epoch 225/500 | lr=5.817e-04 | train_mse=9.487e+00 train_mae=1.766e+00 train_lin_mae=1.160e+08 | val_mse=1.236e+01 val_mae=1.898e+00 val_lin_mae=2.155e+00
2025-09-12 16:24:19,453 | INFO    | Epoch 226/500 | lr=5.786e-04 | train_mse=9.345e+00 train_mae=1.751e+00 train_lin_mae=1.578e+06 | val_mse=1.222e+01 val_mae=1.917e+00 val_lin_mae=6.943e-01
2025-09-12 16:24:19,538 | INFO    | Epoch 227/500 | lr=5.755e-04 | train_mse=9.216e+00 train_mae=1.745e+00 train_lin_mae=5.505e+04 | val_mse=1.182e+01 val_mae=1.900e+00 val_lin_mae=1.799e+00
2025-09-12 16:24:19,659 | INFO    | Epoch 228/500 | lr=5.724e-04 | train_mse=9.127e+00 train_mae=1.740e+00 train_lin_mae=5.548e+04 | val_mse=1.192e+01 val_mae=1.916e+00 val_lin_mae=2.175e+01
2025-09-12 16:24:19,755 | INFO    | Epoch 229/500 | lr=5.693e-04 | train_mse=9.249e+00 train_mae=1.749e+00 train_lin_mae=1.354e+07 | val_mse=1.184e+01 val_mae=1.881e+00 val_lin_mae=2.530e+00
2025-09-12 16:24:19,842 | INFO    | Epoch 230/500 | lr=5.662e-04 | train_mse=9.093e+00 train_mae=1.730e+00 train_lin_mae=5.744e+05 | val_mse=1.220e+01 val_mae=1.894e+00 val_lin_mae=9.219e-01
2025-09-12 16:24:19,960 | INFO    | Epoch 231/500 | lr=5.631e-04 | train_mse=9.087e+00 train_mae=1.723e+00 train_lin_mae=9.130e+05 | val_mse=1.193e+01 val_mae=1.909e+00 val_lin_mae=8.849e-01
2025-09-12 16:24:20,041 | INFO    | Epoch 232/500 | lr=5.600e-04 | train_mse=9.275e+00 train_mae=1.744e+00 train_lin_mae=1.183e+09 | val_mse=1.221e+01 val_mae=1.880e+00 val_lin_mae=9.049e-01
2025-09-12 16:24:20,124 | INFO    | Epoch 233/500 | lr=5.569e-04 | train_mse=9.214e+00 train_mae=1.729e+00 train_lin_mae=5.145e+04 | val_mse=1.174e+01 val_mae=1.893e+00 val_lin_mae=1.459e+01
2025-09-12 16:24:20,208 | INFO    | Epoch 234/500 | lr=5.538e-04 | train_mse=8.988e+00 train_mae=1.720e+00 train_lin_mae=3.321e+06 | val_mse=1.185e+01 val_mae=1.869e+00 val_lin_mae=1.121e+00
2025-09-12 16:24:20,324 | INFO    | Epoch 235/500 | lr=5.506e-04 | train_mse=8.898e+00 train_mae=1.707e+00 train_lin_mae=5.286e+05 | val_mse=1.162e+01 val_mae=1.875e+00 val_lin_mae=1.173e+02
2025-09-12 16:24:20,410 | INFO    | Epoch 236/500 | lr=5.475e-04 | train_mse=8.908e+00 train_mae=1.708e+00 train_lin_mae=3.728e+08 | val_mse=1.163e+01 val_mae=1.870e+00 val_lin_mae=3.769e+01
2025-09-12 16:24:20,495 | INFO    | Epoch 237/500 | lr=5.444e-04 | train_mse=8.949e+00 train_mae=1.712e+00 train_lin_mae=2.908e+07 | val_mse=1.279e+01 val_mae=1.888e+00 val_lin_mae=1.188e+00
2025-09-12 16:24:20,620 | INFO    | Epoch 238/500 | lr=5.413e-04 | train_mse=9.258e+00 train_mae=1.724e+00 train_lin_mae=1.757e+07 | val_mse=1.171e+01 val_mae=1.900e+00 val_lin_mae=1.539e+04
2025-09-12 16:24:20,707 | INFO    | Epoch 239/500 | lr=5.381e-04 | train_mse=9.075e+00 train_mae=1.732e+00 train_lin_mae=8.174e+10 | val_mse=1.205e+01 val_mae=1.869e+00 val_lin_mae=1.493e+00
2025-09-12 16:24:20,803 | INFO    | Epoch 240/500 | lr=5.350e-04 | train_mse=8.948e+00 train_mae=1.701e+00 train_lin_mae=1.933e+09 | val_mse=1.152e+01 val_mae=1.859e+00 val_lin_mae=4.659e+01
2025-09-12 16:24:20,894 | INFO    | Epoch 241/500 | lr=5.319e-04 | train_mse=8.803e+00 train_mae=1.691e+00 train_lin_mae=4.569e+07 | val_mse=1.214e+01 val_mae=1.848e+00 val_lin_mae=2.569e+00
2025-09-12 16:24:21,023 | INFO    | Epoch 242/500 | lr=5.287e-04 | train_mse=8.973e+00 train_mae=1.699e+00 train_lin_mae=1.298e+08 | val_mse=1.162e+01 val_mae=1.864e+00 val_lin_mae=5.205e+02
2025-09-12 16:24:21,107 | INFO    | Epoch 243/500 | lr=5.256e-04 | train_mse=8.809e+00 train_mae=1.693e+00 train_lin_mae=2.114e+07 | val_mse=1.178e+01 val_mae=1.848e+00 val_lin_mae=2.942e+00
2025-09-12 16:24:21,188 | INFO    | Epoch 244/500 | lr=5.225e-04 | train_mse=8.869e+00 train_mae=1.688e+00 train_lin_mae=3.027e+05 | val_mse=1.200e+01 val_mae=1.924e+00 val_lin_mae=1.194e+05
2025-09-12 16:24:21,303 | INFO    | Epoch 245/500 | lr=5.193e-04 | train_mse=8.910e+00 train_mae=1.702e+00 train_lin_mae=2.183e+08 | val_mse=1.214e+01 val_mae=1.837e+00 val_lin_mae=9.315e-01
2025-09-12 16:24:21,385 | INFO    | Epoch 246/500 | lr=5.162e-04 | train_mse=8.883e+00 train_mae=1.685e+00 train_lin_mae=3.143e+07 | val_mse=1.143e+01 val_mae=1.849e+00 val_lin_mae=2.423e+04
2025-09-12 16:24:21,474 | INFO    | Epoch 247/500 | lr=5.131e-04 | train_mse=8.750e+00 train_mae=1.689e+00 train_lin_mae=2.875e+10 | val_mse=1.187e+01 val_mae=1.856e+00 val_lin_mae=1.738e+00
2025-09-12 16:24:21,561 | INFO    | Epoch 248/500 | lr=5.099e-04 | train_mse=8.786e+00 train_mae=1.693e+00 train_lin_mae=1.071e+08 | val_mse=1.146e+01 val_mae=1.842e+00 val_lin_mae=2.892e+00
2025-09-12 16:24:21,678 | INFO    | Epoch 249/500 | lr=5.068e-04 | train_mse=8.700e+00 train_mae=1.677e+00 train_lin_mae=1.564e+08 | val_mse=1.166e+01 val_mae=1.834e+00 val_lin_mae=1.350e+03
2025-09-12 16:24:21,764 | INFO    | Epoch 250/500 | lr=5.036e-04 | train_mse=8.770e+00 train_mae=1.678e+00 train_lin_mae=3.724e+06 | val_mse=1.137e+01 val_mae=1.839e+00 val_lin_mae=2.734e+01
2025-09-12 16:24:21,854 | INFO    | Epoch 251/500 | lr=5.005e-04 | train_mse=8.619e+00 train_mae=1.671e+00 train_lin_mae=2.984e+08 | val_mse=1.177e+01 val_mae=1.824e+00 val_lin_mae=2.298e+00
2025-09-12 16:24:21,982 | INFO    | Epoch 252/500 | lr=4.974e-04 | train_mse=8.744e+00 train_mae=1.672e+00 train_lin_mae=2.729e+07 | val_mse=1.128e+01 val_mae=1.829e+00 val_lin_mae=2.016e+03
2025-09-12 16:24:22,071 | INFO    | Epoch 253/500 | lr=4.942e-04 | train_mse=8.694e+00 train_mae=1.679e+00 train_lin_mae=5.003e+09 | val_mse=1.188e+01 val_mae=1.830e+00 val_lin_mae=1.677e+00
2025-09-12 16:24:22,155 | INFO    | Epoch 254/500 | lr=4.911e-04 | train_mse=8.752e+00 train_mae=1.672e+00 train_lin_mae=1.821e+10 | val_mse=1.131e+01 val_mae=1.845e+00 val_lin_mae=4.737e+02
2025-09-12 16:24:22,238 | INFO    | Epoch 255/500 | lr=4.879e-04 | train_mse=8.644e+00 train_mae=1.670e+00 train_lin_mae=2.029e+10 | val_mse=1.191e+01 val_mae=1.831e+00 val_lin_mae=8.068e+01
2025-09-12 16:24:22,354 | INFO    | Epoch 256/500 | lr=4.848e-04 | train_mse=8.843e+00 train_mae=1.680e+00 train_lin_mae=9.056e+06 | val_mse=1.171e+01 val_mae=1.814e+00 val_lin_mae=1.116e+01
2025-09-12 16:24:22,436 | INFO    | Epoch 257/500 | lr=4.817e-04 | train_mse=8.646e+00 train_mae=1.671e+00 train_lin_mae=5.532e+09 | val_mse=1.133e+01 val_mae=1.818e+00 val_lin_mae=3.226e+01
2025-09-12 16:24:22,520 | INFO    | Epoch 258/500 | lr=4.785e-04 | train_mse=8.646e+00 train_mae=1.664e+00 train_lin_mae=6.410e+05 | val_mse=1.133e+01 val_mae=1.849e+00 val_lin_mae=5.772e+05
2025-09-12 16:24:22,648 | INFO    | Epoch 259/500 | lr=4.754e-04 | train_mse=8.869e+00 train_mae=1.690e+00 train_lin_mae=3.591e+08 | val_mse=1.141e+01 val_mae=1.845e+00 val_lin_mae=1.489e+02
2025-09-12 16:24:22,738 | INFO    | Epoch 260/500 | lr=4.723e-04 | train_mse=8.568e+00 train_mae=1.661e+00 train_lin_mae=5.380e+06 | val_mse=1.136e+01 val_mae=1.815e+00 val_lin_mae=3.798e+01
2025-09-12 16:24:22,828 | INFO    | Epoch 261/500 | lr=4.691e-04 | train_mse=8.544e+00 train_mae=1.661e+00 train_lin_mae=7.693e+07 | val_mse=1.133e+01 val_mae=1.812e+00 val_lin_mae=5.184e+02
2025-09-12 16:24:22,914 | INFO    | Epoch 262/500 | lr=4.660e-04 | train_mse=8.480e+00 train_mae=1.651e+00 train_lin_mae=9.833e+08 | val_mse=1.143e+01 val_mae=1.799e+00 val_lin_mae=2.537e+02
2025-09-12 16:24:23,032 | INFO    | Epoch 263/500 | lr=4.629e-04 | train_mse=8.429e+00 train_mae=1.646e+00 train_lin_mae=1.264e+10 | val_mse=1.140e+01 val_mae=1.848e+00 val_lin_mae=2.126e+04
2025-09-12 16:24:23,116 | INFO    | Epoch 264/500 | lr=4.597e-04 | train_mse=8.588e+00 train_mae=1.660e+00 train_lin_mae=1.096e+09 | val_mse=1.150e+01 val_mae=1.791e+00 val_lin_mae=7.583e+00
2025-09-12 16:24:23,196 | INFO    | Epoch 265/500 | lr=4.566e-04 | train_mse=8.463e+00 train_mae=1.644e+00 train_lin_mae=2.435e+07 | val_mse=1.138e+01 val_mae=1.830e+00 val_lin_mae=1.599e+02
2025-09-12 16:24:23,317 | INFO    | Epoch 266/500 | lr=4.535e-04 | train_mse=8.438e+00 train_mae=1.652e+00 train_lin_mae=4.617e+10 | val_mse=1.125e+01 val_mae=1.804e+00 val_lin_mae=1.483e+02
2025-09-12 16:24:23,404 | INFO    | Epoch 267/500 | lr=4.504e-04 | train_mse=8.385e+00 train_mae=1.644e+00 train_lin_mae=1.121e+06 | val_mse=1.112e+01 val_mae=1.804e+00 val_lin_mae=3.780e+03
2025-09-12 16:24:23,488 | INFO    | Epoch 268/500 | lr=4.472e-04 | train_mse=8.360e+00 train_mae=1.647e+00 train_lin_mae=2.285e+09 | val_mse=1.120e+01 val_mae=1.812e+00 val_lin_mae=1.730e+01
2025-09-12 16:24:23,571 | INFO    | Epoch 269/500 | lr=4.441e-04 | train_mse=8.337e+00 train_mae=1.640e+00 train_lin_mae=9.586e+09 | val_mse=1.154e+01 val_mae=1.797e+00 val_lin_mae=3.940e+02
2025-09-12 16:24:23,690 | INFO    | Epoch 270/500 | lr=4.410e-04 | train_mse=8.409e+00 train_mae=1.637e+00 train_lin_mae=3.436e+07 | val_mse=1.109e+01 val_mae=1.807e+00 val_lin_mae=7.429e+02
2025-09-12 16:24:23,784 | INFO    | Epoch 271/500 | lr=4.379e-04 | train_mse=8.364e+00 train_mae=1.633e+00 train_lin_mae=7.148e+11 | val_mse=1.124e+01 val_mae=1.791e+00 val_lin_mae=2.240e+03
2025-09-12 16:24:23,875 | INFO    | Epoch 272/500 | lr=4.348e-04 | train_mse=8.380e+00 train_mae=1.631e+00 train_lin_mae=2.078e+07 | val_mse=1.148e+01 val_mae=1.776e+00 val_lin_mae=1.872e+04
2025-09-12 16:24:24,016 | INFO    | Epoch 273/500 | lr=4.317e-04 | train_mse=8.413e+00 train_mae=1.627e+00 train_lin_mae=4.531e+12 | val_mse=1.106e+01 val_mae=1.795e+00 val_lin_mae=5.694e+05
2025-09-12 16:24:24,109 | INFO    | Epoch 274/500 | lr=4.286e-04 | train_mse=8.432e+00 train_mae=1.642e+00 train_lin_mae=1.005e+10 | val_mse=1.121e+01 val_mae=1.804e+00 val_lin_mae=1.048e+07
2025-09-12 16:24:24,196 | INFO    | Epoch 275/500 | lr=4.255e-04 | train_mse=8.287e+00 train_mae=1.628e+00 train_lin_mae=2.296e+09 | val_mse=1.132e+01 val_mae=1.781e+00 val_lin_mae=7.134e+01
2025-09-12 16:24:24,280 | INFO    | Epoch 276/500 | lr=4.224e-04 | train_mse=8.270e+00 train_mae=1.621e+00 train_lin_mae=3.701e+07 | val_mse=1.117e+01 val_mae=1.795e+00 val_lin_mae=4.256e+04
2025-09-12 16:24:24,405 | INFO    | Epoch 277/500 | lr=4.193e-04 | train_mse=8.243e+00 train_mae=1.622e+00 train_lin_mae=4.057e+08 | val_mse=1.097e+01 val_mae=1.797e+00 val_lin_mae=2.381e+05
2025-09-12 16:24:24,535 | INFO    | Epoch 278/500 | lr=4.162e-04 | train_mse=8.223e+00 train_mae=1.623e+00 train_lin_mae=1.735e+10 | val_mse=1.142e+01 val_mae=1.777e+00 val_lin_mae=2.817e+01
2025-09-12 16:24:24,641 | INFO    | Epoch 279/500 | lr=4.131e-04 | train_mse=8.308e+00 train_mae=1.627e+00 train_lin_mae=1.062e+09 | val_mse=1.094e+01 val_mae=1.797e+00 val_lin_mae=1.201e+06
2025-09-12 16:24:24,784 | INFO    | Epoch 280/500 | lr=4.100e-04 | train_mse=8.259e+00 train_mae=1.631e+00 train_lin_mae=1.094e+10 | val_mse=1.105e+01 val_mae=1.774e+00 val_lin_mae=3.382e+02
2025-09-12 16:24:24,884 | INFO    | Epoch 281/500 | lr=4.069e-04 | train_mse=8.198e+00 train_mae=1.613e+00 train_lin_mae=2.076e+08 | val_mse=1.113e+01 val_mae=1.766e+00 val_lin_mae=5.821e+05
2025-09-12 16:24:24,979 | INFO    | Epoch 282/500 | lr=4.038e-04 | train_mse=8.133e+00 train_mae=1.607e+00 train_lin_mae=1.826e+08 | val_mse=1.113e+01 val_mae=1.777e+00 val_lin_mae=1.775e+01
2025-09-12 16:24:25,078 | INFO    | Epoch 283/500 | lr=4.007e-04 | train_mse=8.098e+00 train_mae=1.606e+00 train_lin_mae=1.667e+08 | val_mse=1.109e+01 val_mae=1.762e+00 val_lin_mae=7.164e+04
2025-09-12 16:24:25,213 | INFO    | Epoch 284/500 | lr=3.977e-04 | train_mse=8.105e+00 train_mae=1.603e+00 train_lin_mae=1.836e+08 | val_mse=1.108e+01 val_mae=1.759e+00 val_lin_mae=3.743e+01
2025-09-12 16:24:25,300 | INFO    | Epoch 285/500 | lr=3.946e-04 | train_mse=8.096e+00 train_mae=1.600e+00 train_lin_mae=8.680e+06 | val_mse=1.076e+01 val_mae=1.769e+00 val_lin_mae=4.886e+04
2025-09-12 16:24:25,388 | INFO    | Epoch 286/500 | lr=3.915e-04 | train_mse=8.090e+00 train_mae=1.603e+00 train_lin_mae=1.994e+09 | val_mse=1.080e+01 val_mae=1.761e+00 val_lin_mae=2.920e+05
2025-09-12 16:24:25,506 | INFO    | Epoch 287/500 | lr=3.885e-04 | train_mse=8.085e+00 train_mae=1.602e+00 train_lin_mae=3.591e+09 | val_mse=1.069e+01 val_mae=1.765e+00 val_lin_mae=7.316e+03
2025-09-12 16:24:25,591 | INFO    | Epoch 288/500 | lr=3.854e-04 | train_mse=8.060e+00 train_mae=1.600e+00 train_lin_mae=5.282e+07 | val_mse=1.074e+01 val_mae=1.755e+00 val_lin_mae=1.007e+05
2025-09-12 16:24:25,698 | INFO    | Epoch 289/500 | lr=3.824e-04 | train_mse=8.009e+00 train_mae=1.593e+00 train_lin_mae=5.608e+09 | val_mse=1.107e+01 val_mae=1.753e+00 val_lin_mae=3.354e+02
2025-09-12 16:24:25,787 | INFO    | Epoch 290/500 | lr=3.793e-04 | train_mse=8.071e+00 train_mae=1.602e+00 train_lin_mae=2.296e+09 | val_mse=1.088e+01 val_mae=1.752e+00 val_lin_mae=3.773e+04
2025-09-12 16:24:25,909 | INFO    | Epoch 291/500 | lr=3.763e-04 | train_mse=8.011e+00 train_mae=1.594e+00 train_lin_mae=1.946e+08 | val_mse=1.076e+01 val_mae=1.769e+00 val_lin_mae=2.841e+05
2025-09-12 16:24:25,994 | INFO    | Epoch 292/500 | lr=3.732e-04 | train_mse=8.069e+00 train_mae=1.600e+00 train_lin_mae=1.636e+11 | val_mse=1.152e+01 val_mae=1.809e+00 val_lin_mae=5.210e+03
2025-09-12 16:24:26,075 | INFO    | Epoch 293/500 | lr=3.702e-04 | train_mse=8.155e+00 train_mae=1.616e+00 train_lin_mae=3.549e+10 | val_mse=1.072e+01 val_mae=1.756e+00 val_lin_mae=2.450e+04
2025-09-12 16:24:26,193 | INFO    | Epoch 294/500 | lr=3.672e-04 | train_mse=7.991e+00 train_mae=1.599e+00 train_lin_mae=1.832e+10 | val_mse=1.063e+01 val_mae=1.754e+00 val_lin_mae=2.726e+05
2025-09-12 16:24:26,277 | INFO    | Epoch 295/500 | lr=3.642e-04 | train_mse=7.971e+00 train_mae=1.590e+00 train_lin_mae=1.025e+09 | val_mse=1.091e+01 val_mae=1.763e+00 val_lin_mae=1.220e+04
2025-09-12 16:24:26,359 | INFO    | Epoch 296/500 | lr=3.611e-04 | train_mse=7.994e+00 train_mae=1.593e+00 train_lin_mae=4.724e+09 | val_mse=1.076e+01 val_mae=1.756e+00 val_lin_mae=7.077e+04
2025-09-12 16:24:26,441 | INFO    | Epoch 297/500 | lr=3.581e-04 | train_mse=7.984e+00 train_mae=1.586e+00 train_lin_mae=2.970e+09 | val_mse=1.069e+01 val_mae=1.765e+00 val_lin_mae=1.420e+07
2025-09-12 16:24:26,559 | INFO    | Epoch 298/500 | lr=3.551e-04 | train_mse=7.971e+00 train_mae=1.591e+00 train_lin_mae=1.315e+09 | val_mse=1.104e+01 val_mae=1.755e+00 val_lin_mae=3.150e+03
2025-09-12 16:24:26,640 | INFO    | Epoch 299/500 | lr=3.521e-04 | train_mse=8.035e+00 train_mae=1.593e+00 train_lin_mae=1.535e+11 | val_mse=1.063e+01 val_mae=1.747e+00 val_lin_mae=1.296e+05
2025-09-12 16:24:26,726 | INFO    | Epoch 300/500 | lr=3.491e-04 | train_mse=8.035e+00 train_mae=1.588e+00 train_lin_mae=1.138e+10 | val_mse=1.065e+01 val_mae=1.759e+00 val_lin_mae=4.306e+07
2025-09-12 16:24:26,850 | INFO    | Epoch 301/500 | lr=3.461e-04 | train_mse=7.929e+00 train_mae=1.581e+00 train_lin_mae=5.629e+09 | val_mse=1.092e+01 val_mae=1.745e+00 val_lin_mae=5.006e+05
2025-09-12 16:24:26,935 | INFO    | Epoch 302/500 | lr=3.432e-04 | train_mse=7.931e+00 train_mae=1.581e+00 train_lin_mae=8.025e+07 | val_mse=1.066e+01 val_mae=1.748e+00 val_lin_mae=6.474e+03
2025-09-12 16:24:27,017 | INFO    | Epoch 303/500 | lr=3.402e-04 | train_mse=7.961e+00 train_mae=1.589e+00 train_lin_mae=8.386e+08 | val_mse=1.073e+01 val_mae=1.766e+00 val_lin_mae=7.408e+07
2025-09-12 16:24:27,099 | INFO    | Epoch 304/500 | lr=3.372e-04 | train_mse=7.920e+00 train_mae=1.581e+00 train_lin_mae=1.660e+12 | val_mse=1.074e+01 val_mae=1.763e+00 val_lin_mae=5.381e+03
2025-09-12 16:24:27,215 | INFO    | Epoch 305/500 | lr=3.343e-04 | train_mse=7.878e+00 train_mae=1.582e+00 train_lin_mae=2.587e+09 | val_mse=1.065e+01 val_mae=1.751e+00 val_lin_mae=9.149e+06
2025-09-12 16:24:27,297 | INFO    | Epoch 306/500 | lr=3.313e-04 | train_mse=7.858e+00 train_mae=1.578e+00 train_lin_mae=1.010e+11 | val_mse=1.104e+01 val_mae=1.731e+00 val_lin_mae=1.439e+02
2025-09-12 16:24:27,390 | INFO    | Epoch 307/500 | lr=3.284e-04 | train_mse=7.909e+00 train_mae=1.571e+00 train_lin_mae=5.580e+09 | val_mse=1.082e+01 val_mae=1.724e+00 val_lin_mae=4.678e+05
2025-09-12 16:24:27,516 | INFO    | Epoch 308/500 | lr=3.254e-04 | train_mse=7.949e+00 train_mae=1.574e+00 train_lin_mae=1.022e+11 | val_mse=1.065e+01 val_mae=1.743e+00 val_lin_mae=1.537e+06
2025-09-12 16:24:27,601 | INFO    | Epoch 309/500 | lr=3.225e-04 | train_mse=7.886e+00 train_mae=1.570e+00 train_lin_mae=5.739e+10 | val_mse=1.057e+01 val_mae=1.734e+00 val_lin_mae=3.251e+06
2025-09-12 16:24:27,690 | INFO    | Epoch 310/500 | lr=3.195e-04 | train_mse=7.825e+00 train_mae=1.567e+00 train_lin_mae=2.188e+09 | val_mse=1.063e+01 val_mae=1.726e+00 val_lin_mae=1.576e+04
2025-09-12 16:24:27,778 | INFO    | Epoch 311/500 | lr=3.166e-04 | train_mse=7.801e+00 train_mae=1.565e+00 train_lin_mae=3.333e+11 | val_mse=1.068e+01 val_mae=1.719e+00 val_lin_mae=1.428e+04
2025-09-12 16:24:27,898 | INFO    | Epoch 312/500 | lr=3.137e-04 | train_mse=7.776e+00 train_mae=1.562e+00 train_lin_mae=1.719e+09 | val_mse=1.049e+01 val_mae=1.725e+00 val_lin_mae=2.115e+04
2025-09-12 16:24:27,986 | INFO    | Epoch 313/500 | lr=3.108e-04 | train_mse=7.755e+00 train_mae=1.561e+00 train_lin_mae=5.794e+09 | val_mse=1.083e+01 val_mae=1.723e+00 val_lin_mae=1.721e+05
2025-09-12 16:24:28,068 | INFO    | Epoch 314/500 | lr=3.079e-04 | train_mse=7.804e+00 train_mae=1.565e+00 train_lin_mae=1.570e+09 | val_mse=1.078e+01 val_mae=1.716e+00 val_lin_mae=1.595e+05
2025-09-12 16:24:28,219 | INFO    | Epoch 315/500 | lr=3.050e-04 | train_mse=7.802e+00 train_mae=1.562e+00 train_lin_mae=5.844e+11 | val_mse=1.061e+01 val_mae=1.745e+00 val_lin_mae=6.202e+06
2025-09-12 16:24:28,302 | INFO    | Epoch 316/500 | lr=3.021e-04 | train_mse=7.847e+00 train_mae=1.567e+00 train_lin_mae=4.682e+10 | val_mse=1.051e+01 val_mae=1.740e+00 val_lin_mae=3.632e+07
2025-09-12 16:24:28,384 | INFO    | Epoch 317/500 | lr=2.992e-04 | train_mse=7.787e+00 train_mae=1.561e+00 train_lin_mae=1.062e+09 | val_mse=1.051e+01 val_mae=1.719e+00 val_lin_mae=1.935e+05
2025-09-12 16:24:28,467 | INFO    | Epoch 318/500 | lr=2.964e-04 | train_mse=7.784e+00 train_mae=1.559e+00 train_lin_mae=2.550e+11 | val_mse=1.044e+01 val_mae=1.739e+00 val_lin_mae=1.200e+08
2025-09-12 16:24:28,604 | INFO    | Epoch 319/500 | lr=2.935e-04 | train_mse=7.920e+00 train_mae=1.575e+00 train_lin_mae=9.110e+11 | val_mse=1.052e+01 val_mae=1.742e+00 val_lin_mae=1.955e+06
2025-09-12 16:24:28,689 | INFO    | Epoch 320/500 | lr=2.907e-04 | train_mse=7.825e+00 train_mae=1.572e+00 train_lin_mae=6.343e+10 | val_mse=1.042e+01 val_mae=1.737e+00 val_lin_mae=1.093e+07
2025-09-12 16:24:28,784 | INFO    | Epoch 321/500 | lr=2.878e-04 | train_mse=7.767e+00 train_mae=1.574e+00 train_lin_mae=4.973e+10 | val_mse=1.060e+01 val_mae=1.718e+00 val_lin_mae=1.006e+04
2025-09-12 16:24:28,909 | INFO    | Epoch 322/500 | lr=2.850e-04 | train_mse=7.698e+00 train_mae=1.554e+00 train_lin_mae=1.333e+08 | val_mse=1.066e+01 val_mae=1.712e+00 val_lin_mae=9.814e+05
2025-09-12 16:24:28,993 | INFO    | Epoch 323/500 | lr=2.822e-04 | train_mse=7.739e+00 train_mae=1.559e+00 train_lin_mae=7.830e+10 | val_mse=1.047e+01 val_mae=1.724e+00 val_lin_mae=7.710e+05
2025-09-12 16:24:29,077 | INFO    | Epoch 324/500 | lr=2.793e-04 | train_mse=7.722e+00 train_mae=1.559e+00 train_lin_mae=3.638e+09 | val_mse=1.045e+01 val_mae=1.728e+00 val_lin_mae=2.647e+08
2025-09-12 16:24:29,163 | INFO    | Epoch 325/500 | lr=2.765e-04 | train_mse=7.706e+00 train_mae=1.552e+00 train_lin_mae=5.491e+09 | val_mse=1.072e+01 val_mae=1.724e+00 val_lin_mae=7.523e+02
2025-09-12 16:24:29,283 | INFO    | Epoch 326/500 | lr=2.737e-04 | train_mse=7.783e+00 train_mae=1.561e+00 train_lin_mae=2.508e+09 | val_mse=1.057e+01 val_mae=1.718e+00 val_lin_mae=1.049e+06
2025-09-12 16:24:29,366 | INFO    | Epoch 327/500 | lr=2.709e-04 | train_mse=7.705e+00 train_mae=1.558e+00 train_lin_mae=2.370e+10 | val_mse=1.038e+01 val_mae=1.707e+00 val_lin_mae=5.962e+03
2025-09-12 16:24:29,450 | INFO    | Epoch 328/500 | lr=2.682e-04 | train_mse=7.661e+00 train_mae=1.551e+00 train_lin_mae=2.361e+08 | val_mse=1.044e+01 val_mae=1.730e+00 val_lin_mae=1.653e+07
2025-09-12 16:24:29,568 | INFO    | Epoch 329/500 | lr=2.654e-04 | train_mse=7.697e+00 train_mae=1.549e+00 train_lin_mae=1.852e+10 | val_mse=1.031e+01 val_mae=1.705e+00 val_lin_mae=2.420e+05
2025-09-12 16:24:29,656 | INFO    | Epoch 330/500 | lr=2.626e-04 | train_mse=7.646e+00 train_mae=1.544e+00 train_lin_mae=8.449e+08 | val_mse=1.038e+01 val_mae=1.700e+00 val_lin_mae=1.310e+06
2025-09-12 16:24:29,740 | INFO    | Epoch 331/500 | lr=2.599e-04 | train_mse=7.600e+00 train_mae=1.540e+00 train_lin_mae=3.626e+10 | val_mse=1.040e+01 val_mae=1.698e+00 val_lin_mae=4.850e+05
2025-09-12 16:24:29,825 | INFO    | Epoch 332/500 | lr=2.571e-04 | train_mse=7.569e+00 train_mae=1.537e+00 train_lin_mae=1.523e+09 | val_mse=1.052e+01 val_mae=1.697e+00 val_lin_mae=8.376e+03
2025-09-12 16:24:29,942 | INFO    | Epoch 333/500 | lr=2.544e-04 | train_mse=7.567e+00 train_mae=1.535e+00 train_lin_mae=4.585e+08 | val_mse=1.034e+01 val_mae=1.697e+00 val_lin_mae=3.381e+05
2025-09-12 16:24:30,024 | INFO    | Epoch 334/500 | lr=2.517e-04 | train_mse=7.603e+00 train_mae=1.537e+00 train_lin_mae=1.368e+10 | val_mse=1.040e+01 val_mae=1.715e+00 val_lin_mae=6.907e+07
2025-09-12 16:24:30,105 | INFO    | Epoch 335/500 | lr=2.489e-04 | train_mse=7.634e+00 train_mae=1.544e+00 train_lin_mae=4.660e+09 | val_mse=1.043e+01 val_mae=1.718e+00 val_lin_mae=4.974e+05
2025-09-12 16:24:30,229 | INFO    | Epoch 336/500 | lr=2.462e-04 | train_mse=7.707e+00 train_mae=1.545e+00 train_lin_mae=1.385e+09 | val_mse=1.035e+01 val_mae=1.694e+00 val_lin_mae=8.025e+06
2025-09-12 16:24:30,314 | INFO    | Epoch 337/500 | lr=2.435e-04 | train_mse=7.564e+00 train_mae=1.534e+00 train_lin_mae=6.766e+08 | val_mse=1.033e+01 val_mae=1.696e+00 val_lin_mae=1.671e+05
2025-09-12 16:24:30,396 | INFO    | Epoch 338/500 | lr=2.409e-04 | train_mse=7.539e+00 train_mae=1.531e+00 train_lin_mae=5.138e+08 | val_mse=1.032e+01 val_mae=1.697e+00 val_lin_mae=9.862e+05
2025-09-12 16:24:30,481 | INFO    | Epoch 339/500 | lr=2.382e-04 | train_mse=7.570e+00 train_mae=1.533e+00 train_lin_mae=4.939e+10 | val_mse=1.031e+01 val_mae=1.706e+00 val_lin_mae=1.507e+05
2025-09-12 16:24:30,601 | INFO    | Epoch 340/500 | lr=2.355e-04 | train_mse=7.559e+00 train_mae=1.533e+00 train_lin_mae=7.125e+09 | val_mse=1.023e+01 val_mae=1.693e+00 val_lin_mae=1.154e+07
2025-09-12 16:24:30,691 | INFO    | Epoch 341/500 | lr=2.329e-04 | train_mse=7.517e+00 train_mae=1.527e+00 train_lin_mae=1.428e+10 | val_mse=1.032e+01 val_mae=1.697e+00 val_lin_mae=3.389e+06
2025-09-12 16:24:30,783 | INFO    | Epoch 342/500 | lr=2.302e-04 | train_mse=7.505e+00 train_mae=1.526e+00 train_lin_mae=1.111e+08 | val_mse=1.022e+01 val_mae=1.697e+00 val_lin_mae=1.628e+08
2025-09-12 16:24:30,909 | INFO    | Epoch 343/500 | lr=2.276e-04 | train_mse=7.508e+00 train_mae=1.527e+00 train_lin_mae=1.599e+09 | val_mse=1.029e+01 val_mae=1.703e+00 val_lin_mae=2.162e+07
2025-09-12 16:24:30,993 | INFO    | Epoch 344/500 | lr=2.250e-04 | train_mse=7.491e+00 train_mae=1.529e+00 train_lin_mae=7.298e+07 | val_mse=1.043e+01 val_mae=1.702e+00 val_lin_mae=1.404e+06
2025-09-12 16:24:31,076 | INFO    | Epoch 345/500 | lr=2.223e-04 | train_mse=7.502e+00 train_mae=1.527e+00 train_lin_mae=1.171e+10 | val_mse=1.053e+01 val_mae=1.685e+00 val_lin_mae=1.165e+05
2025-09-12 16:24:31,161 | INFO    | Epoch 346/500 | lr=2.197e-04 | train_mse=7.530e+00 train_mae=1.526e+00 train_lin_mae=3.578e+10 | val_mse=1.055e+01 val_mae=1.684e+00 val_lin_mae=3.276e+04
2025-09-12 16:24:31,283 | INFO    | Epoch 347/500 | lr=2.171e-04 | train_mse=7.548e+00 train_mae=1.525e+00 train_lin_mae=5.355e+09 | val_mse=1.032e+01 val_mae=1.680e+00 val_lin_mae=1.339e+05
2025-09-12 16:24:31,367 | INFO    | Epoch 348/500 | lr=2.146e-04 | train_mse=7.446e+00 train_mae=1.519e+00 train_lin_mae=7.794e+09 | val_mse=1.019e+01 val_mae=1.686e+00 val_lin_mae=4.174e+05
2025-09-12 16:24:31,454 | INFO    | Epoch 349/500 | lr=2.120e-04 | train_mse=7.465e+00 train_mae=1.521e+00 train_lin_mae=3.209e+09 | val_mse=1.020e+01 val_mae=1.698e+00 val_lin_mae=1.227e+07
2025-09-12 16:24:31,571 | INFO    | Epoch 350/500 | lr=2.094e-04 | train_mse=7.465e+00 train_mae=1.525e+00 train_lin_mae=7.366e+09 | val_mse=1.017e+01 val_mae=1.695e+00 val_lin_mae=1.514e+08
2025-09-12 16:24:31,655 | INFO    | Epoch 351/500 | lr=2.069e-04 | train_mse=7.505e+00 train_mae=1.525e+00 train_lin_mae=2.845e+10 | val_mse=1.018e+01 val_mae=1.695e+00 val_lin_mae=4.109e+07
2025-09-12 16:24:31,739 | INFO    | Epoch 352/500 | lr=2.044e-04 | train_mse=7.479e+00 train_mae=1.523e+00 train_lin_mae=2.975e+08 | val_mse=1.014e+01 val_mae=1.687e+00 val_lin_mae=1.534e+07
2025-09-12 16:24:31,831 | INFO    | Epoch 353/500 | lr=2.018e-04 | train_mse=7.422e+00 train_mae=1.515e+00 train_lin_mae=1.168e+10 | val_mse=1.013e+01 val_mae=1.691e+00 val_lin_mae=7.546e+06
2025-09-12 16:24:31,956 | INFO    | Epoch 354/500 | lr=1.993e-04 | train_mse=7.436e+00 train_mae=1.524e+00 train_lin_mae=3.758e+08 | val_mse=1.021e+01 val_mae=1.677e+00 val_lin_mae=3.557e+05
2025-09-12 16:24:32,038 | INFO    | Epoch 355/500 | lr=1.968e-04 | train_mse=7.429e+00 train_mae=1.517e+00 train_lin_mae=3.146e+09 | val_mse=1.019e+01 val_mae=1.687e+00 val_lin_mae=6.190e+06
2025-09-12 16:24:32,120 | INFO    | Epoch 356/500 | lr=1.944e-04 | train_mse=7.415e+00 train_mae=1.519e+00 train_lin_mae=7.682e+08 | val_mse=1.025e+01 val_mae=1.697e+00 val_lin_mae=1.082e+06
2025-09-12 16:24:32,255 | INFO    | Epoch 357/500 | lr=1.919e-04 | train_mse=7.413e+00 train_mae=1.518e+00 train_lin_mae=1.250e+09 | val_mse=1.016e+01 val_mae=1.684e+00 val_lin_mae=2.416e+06
2025-09-12 16:24:32,337 | INFO    | Epoch 358/500 | lr=1.894e-04 | train_mse=7.383e+00 train_mae=1.512e+00 train_lin_mae=9.682e+08 | val_mse=1.011e+01 val_mae=1.676e+00 val_lin_mae=4.271e+06
2025-09-12 16:24:32,424 | INFO    | Epoch 359/500 | lr=1.870e-04 | train_mse=7.370e+00 train_mae=1.511e+00 train_lin_mae=7.929e+08 | val_mse=1.012e+01 val_mae=1.674e+00 val_lin_mae=7.625e+05
2025-09-12 16:24:32,507 | INFO    | Epoch 360/500 | lr=1.845e-04 | train_mse=7.369e+00 train_mae=1.511e+00 train_lin_mae=1.549e+09 | val_mse=1.016e+01 val_mae=1.673e+00 val_lin_mae=3.435e+05
2025-09-12 16:24:32,627 | INFO    | Epoch 361/500 | lr=1.821e-04 | train_mse=7.375e+00 train_mae=1.510e+00 train_lin_mae=2.075e+09 | val_mse=1.012e+01 val_mae=1.672e+00 val_lin_mae=1.995e+06
2025-09-12 16:24:32,712 | INFO    | Epoch 362/500 | lr=1.797e-04 | train_mse=7.372e+00 train_mae=1.509e+00 train_lin_mae=4.617e+08 | val_mse=1.020e+01 val_mae=1.669e+00 val_lin_mae=1.874e+05
2025-09-12 16:24:32,801 | INFO    | Epoch 363/500 | lr=1.773e-04 | train_mse=7.368e+00 train_mae=1.508e+00 train_lin_mae=2.047e+09 | val_mse=1.034e+01 val_mae=1.676e+00 val_lin_mae=2.756e+05
2025-09-12 16:24:32,920 | INFO    | Epoch 364/500 | lr=1.749e-04 | train_mse=7.401e+00 train_mae=1.511e+00 train_lin_mae=3.859e+08 | val_mse=1.012e+01 val_mae=1.673e+00 val_lin_mae=2.574e+05
2025-09-12 16:24:33,002 | INFO    | Epoch 365/500 | lr=1.725e-04 | train_mse=7.366e+00 train_mae=1.507e+00 train_lin_mae=1.134e+09 | val_mse=1.009e+01 val_mae=1.674e+00 val_lin_mae=2.188e+06
2025-09-12 16:24:33,086 | INFO    | Epoch 366/500 | lr=1.702e-04 | train_mse=7.361e+00 train_mae=1.508e+00 train_lin_mae=1.564e+09 | val_mse=1.009e+01 val_mae=1.677e+00 val_lin_mae=4.551e+07
2025-09-12 16:24:33,171 | INFO    | Epoch 367/500 | lr=1.678e-04 | train_mse=7.441e+00 train_mae=1.515e+00 train_lin_mae=6.297e+09 | val_mse=1.013e+01 val_mae=1.671e+00 val_lin_mae=2.330e+06
2025-09-12 16:24:33,288 | INFO    | Epoch 368/500 | lr=1.655e-04 | train_mse=7.341e+00 train_mae=1.508e+00 train_lin_mae=2.966e+09 | val_mse=1.017e+01 val_mae=1.669e+00 val_lin_mae=6.889e+05
2025-09-12 16:24:33,370 | INFO    | Epoch 369/500 | lr=1.632e-04 | train_mse=7.324e+00 train_mae=1.504e+00 train_lin_mae=9.731e+09 | val_mse=1.018e+01 val_mae=1.667e+00 val_lin_mae=5.481e+05
2025-09-12 16:24:33,452 | INFO    | Epoch 370/500 | lr=1.609e-04 | train_mse=7.312e+00 train_mae=1.501e+00 train_lin_mae=6.361e+09 | val_mse=1.011e+01 val_mae=1.669e+00 val_lin_mae=2.354e+06
2025-09-12 16:24:33,569 | INFO    | Epoch 371/500 | lr=1.586e-04 | train_mse=7.315e+00 train_mae=1.501e+00 train_lin_mae=4.025e+08 | val_mse=1.012e+01 val_mae=1.674e+00 val_lin_mae=8.265e+05
2025-09-12 16:24:33,665 | INFO    | Epoch 372/500 | lr=1.563e-04 | train_mse=7.330e+00 train_mae=1.505e+00 train_lin_mae=1.457e+10 | val_mse=1.010e+01 val_mae=1.665e+00 val_lin_mae=1.105e+06
2025-09-12 16:24:33,751 | INFO    | Epoch 373/500 | lr=1.540e-04 | train_mse=7.321e+00 train_mae=1.504e+00 train_lin_mae=8.771e+09 | val_mse=1.008e+01 val_mae=1.673e+00 val_lin_mae=1.608e+07
2025-09-12 16:24:33,842 | INFO    | Epoch 374/500 | lr=1.518e-04 | train_mse=7.315e+00 train_mae=1.504e+00 train_lin_mae=4.747e+08 | val_mse=1.004e+01 val_mae=1.666e+00 val_lin_mae=8.960e+05
2025-09-12 16:24:33,966 | INFO    | Epoch 375/500 | lr=1.495e-04 | train_mse=7.303e+00 train_mae=1.502e+00 train_lin_mae=4.977e+08 | val_mse=1.005e+01 val_mae=1.660e+00 val_lin_mae=4.866e+05
2025-09-12 16:24:34,048 | INFO    | Epoch 376/500 | lr=1.473e-04 | train_mse=7.296e+00 train_mae=1.499e+00 train_lin_mae=6.322e+08 | val_mse=1.009e+01 val_mae=1.665e+00 val_lin_mae=2.961e+06
2025-09-12 16:24:34,130 | INFO    | Epoch 377/500 | lr=1.451e-04 | train_mse=7.291e+00 train_mae=1.497e+00 train_lin_mae=4.914e+09 | val_mse=1.009e+01 val_mae=1.660e+00 val_lin_mae=2.077e+06
2025-09-12 16:24:34,248 | INFO    | Epoch 378/500 | lr=1.429e-04 | train_mse=7.299e+00 train_mae=1.497e+00 train_lin_mae=9.133e+07 | val_mse=1.011e+01 val_mae=1.663e+00 val_lin_mae=2.588e+06
2025-09-12 16:24:34,331 | INFO    | Epoch 379/500 | lr=1.407e-04 | train_mse=7.304e+00 train_mae=1.496e+00 train_lin_mae=8.924e+09 | val_mse=1.012e+01 val_mae=1.658e+00 val_lin_mae=1.966e+06
2025-09-12 16:24:34,414 | INFO    | Epoch 380/500 | lr=1.385e-04 | train_mse=7.343e+00 train_mae=1.496e+00 train_lin_mae=4.789e+10 | val_mse=1.004e+01 val_mae=1.668e+00 val_lin_mae=3.680e+06
2025-09-12 16:24:34,499 | INFO    | Epoch 381/500 | lr=1.364e-04 | train_mse=7.313e+00 train_mae=1.496e+00 train_lin_mae=3.070e+08 | val_mse=1.003e+01 val_mae=1.676e+00 val_lin_mae=4.168e+07
2025-09-12 16:24:34,619 | INFO    | Epoch 382/500 | lr=1.342e-04 | train_mse=7.296e+00 train_mae=1.496e+00 train_lin_mae=6.166e+08 | val_mse=1.005e+01 val_mae=1.669e+00 val_lin_mae=1.562e+08
2025-09-12 16:24:34,703 | INFO    | Epoch 383/500 | lr=1.321e-04 | train_mse=7.281e+00 train_mae=1.495e+00 train_lin_mae=1.688e+09 | val_mse=1.006e+01 val_mae=1.659e+00 val_lin_mae=1.456e+06
2025-09-12 16:24:34,790 | INFO    | Epoch 384/500 | lr=1.300e-04 | train_mse=7.269e+00 train_mae=1.493e+00 train_lin_mae=9.041e+08 | val_mse=1.003e+01 val_mae=1.656e+00 val_lin_mae=6.252e+05
2025-09-12 16:24:34,908 | INFO    | Epoch 385/500 | lr=1.279e-04 | train_mse=7.250e+00 train_mae=1.494e+00 train_lin_mae=1.827e+09 | val_mse=1.005e+01 val_mae=1.656e+00 val_lin_mae=1.339e+06
2025-09-12 16:24:34,991 | INFO    | Epoch 386/500 | lr=1.258e-04 | train_mse=7.270e+00 train_mae=1.496e+00 train_lin_mae=7.587e+08 | val_mse=1.003e+01 val_mae=1.657e+00 val_lin_mae=4.484e+06
2025-09-12 16:24:35,072 | INFO    | Epoch 387/500 | lr=1.238e-04 | train_mse=7.253e+00 train_mae=1.495e+00 train_lin_mae=1.558e+09 | val_mse=1.010e+01 val_mae=1.659e+00 val_lin_mae=5.498e+06
2025-09-12 16:24:35,154 | INFO    | Epoch 388/500 | lr=1.217e-04 | train_mse=7.250e+00 train_mae=1.494e+00 train_lin_mae=9.149e+08 | val_mse=1.006e+01 val_mae=1.655e+00 val_lin_mae=9.503e+05
2025-09-12 16:24:35,270 | INFO    | Epoch 389/500 | lr=1.197e-04 | train_mse=7.229e+00 train_mae=1.491e+00 train_lin_mae=1.465e+09 | val_mse=1.005e+01 val_mae=1.657e+00 val_lin_mae=6.680e+06
2025-09-12 16:24:35,352 | INFO    | Epoch 390/500 | lr=1.176e-04 | train_mse=7.243e+00 train_mae=1.495e+00 train_lin_mae=1.588e+09 | val_mse=1.002e+01 val_mae=1.657e+00 val_lin_mae=1.820e+06
2025-09-12 16:24:35,437 | INFO    | Epoch 391/500 | lr=1.156e-04 | train_mse=7.228e+00 train_mae=1.490e+00 train_lin_mae=2.963e+08 | val_mse=9.994e+00 val_mae=1.658e+00 val_lin_mae=1.302e+07
2025-09-12 16:24:35,556 | INFO    | Epoch 392/500 | lr=1.136e-04 | train_mse=7.222e+00 train_mae=1.490e+00 train_lin_mae=7.503e+08 | val_mse=1.001e+01 val_mae=1.656e+00 val_lin_mae=8.119e+06
2025-09-12 16:24:35,641 | INFO    | Epoch 393/500 | lr=1.117e-04 | train_mse=7.227e+00 train_mae=1.491e+00 train_lin_mae=1.040e+10 | val_mse=1.015e+01 val_mae=1.651e+00 val_lin_mae=4.645e+05
2025-09-12 16:24:35,728 | INFO    | Epoch 394/500 | lr=1.097e-04 | train_mse=7.249e+00 train_mae=1.492e+00 train_lin_mae=4.641e+08 | val_mse=1.009e+01 val_mae=1.654e+00 val_lin_mae=2.151e+05
2025-09-12 16:24:35,816 | INFO    | Epoch 395/500 | lr=1.077e-04 | train_mse=7.219e+00 train_mae=1.487e+00 train_lin_mae=8.658e+08 | val_mse=1.003e+01 val_mae=1.655e+00 val_lin_mae=8.815e+05
2025-09-12 16:24:35,937 | INFO    | Epoch 396/500 | lr=1.058e-04 | train_mse=7.210e+00 train_mae=1.485e+00 train_lin_mae=1.563e+08 | val_mse=9.992e+00 val_mae=1.662e+00 val_lin_mae=5.928e+07
2025-09-12 16:24:36,021 | INFO    | Epoch 397/500 | lr=1.039e-04 | train_mse=7.216e+00 train_mae=1.489e+00 train_lin_mae=1.249e+09 | val_mse=1.007e+01 val_mae=1.651e+00 val_lin_mae=7.021e+05
2025-09-12 16:24:36,104 | INFO    | Epoch 398/500 | lr=1.020e-04 | train_mse=7.206e+00 train_mae=1.487e+00 train_lin_mae=1.224e+09 | val_mse=1.004e+01 val_mae=1.653e+00 val_lin_mae=3.050e+06
2025-09-12 16:24:36,221 | INFO    | Epoch 399/500 | lr=1.001e-04 | train_mse=7.199e+00 train_mae=1.487e+00 train_lin_mae=7.006e+08 | val_mse=1.004e+01 val_mae=1.651e+00 val_lin_mae=5.519e+05
2025-09-12 16:24:36,304 | INFO    | Epoch 400/500 | lr=9.825e-05 | train_mse=7.194e+00 train_mae=1.485e+00 train_lin_mae=2.928e+08 | val_mse=9.964e+00 val_mae=1.655e+00 val_lin_mae=7.698e+06
2025-09-12 16:24:36,388 | INFO    | Epoch 401/500 | lr=9.640e-05 | train_mse=7.195e+00 train_mae=1.484e+00 train_lin_mae=2.765e+09 | val_mse=9.951e+00 val_mae=1.653e+00 val_lin_mae=1.298e+07
2025-09-12 16:24:36,474 | INFO    | Epoch 402/500 | lr=9.456e-05 | train_mse=7.196e+00 train_mae=1.487e+00 train_lin_mae=1.053e+09 | val_mse=9.987e+00 val_mae=1.652e+00 val_lin_mae=6.762e+07
2025-09-12 16:24:36,595 | INFO    | Epoch 403/500 | lr=9.274e-05 | train_mse=7.194e+00 train_mae=1.486e+00 train_lin_mae=7.752e+08 | val_mse=1.005e+01 val_mae=1.650e+00 val_lin_mae=5.494e+05
2025-09-12 16:24:36,678 | INFO    | Epoch 404/500 | lr=9.093e-05 | train_mse=7.180e+00 train_mae=1.484e+00 train_lin_mae=1.697e+08 | val_mse=9.972e+00 val_mae=1.651e+00 val_lin_mae=3.055e+07
2025-09-12 16:24:36,763 | INFO    | Epoch 405/500 | lr=8.915e-05 | train_mse=7.180e+00 train_mae=1.484e+00 train_lin_mae=2.321e+09 | val_mse=9.991e+00 val_mae=1.651e+00 val_lin_mae=4.623e+07
2025-09-12 16:24:36,887 | INFO    | Epoch 406/500 | lr=8.737e-05 | train_mse=7.173e+00 train_mae=1.483e+00 train_lin_mae=6.716e+08 | val_mse=9.992e+00 val_mae=1.649e+00 val_lin_mae=1.490e+06
2025-09-12 16:24:36,973 | INFO    | Epoch 407/500 | lr=8.562e-05 | train_mse=7.181e+00 train_mae=1.484e+00 train_lin_mae=2.067e+08 | val_mse=1.004e+01 val_mae=1.647e+00 val_lin_mae=4.234e+05
2025-09-12 16:24:37,056 | INFO    | Epoch 408/500 | lr=8.388e-05 | train_mse=7.184e+00 train_mae=1.483e+00 train_lin_mae=3.487e+09 | val_mse=9.974e+00 val_mae=1.656e+00 val_lin_mae=6.931e+07
2025-09-12 16:24:37,141 | INFO    | Epoch 409/500 | lr=8.215e-05 | train_mse=7.172e+00 train_mae=1.484e+00 train_lin_mae=5.532e+08 | val_mse=9.960e+00 val_mae=1.651e+00 val_lin_mae=1.108e+07
2025-09-12 16:24:37,264 | INFO    | Epoch 410/500 | lr=8.045e-05 | train_mse=7.171e+00 train_mae=1.485e+00 train_lin_mae=6.138e+08 | val_mse=1.010e+01 val_mae=1.648e+00 val_lin_mae=1.520e+05
2025-09-12 16:24:37,347 | INFO    | Epoch 411/500 | lr=7.876e-05 | train_mse=7.176e+00 train_mae=1.480e+00 train_lin_mae=1.557e+08 | val_mse=9.928e+00 val_mae=1.652e+00 val_lin_mae=1.340e+07
2025-09-12 16:24:37,432 | INFO    | Epoch 412/500 | lr=7.708e-05 | train_mse=7.158e+00 train_mae=1.481e+00 train_lin_mae=2.590e+09 | val_mse=9.928e+00 val_mae=1.648e+00 val_lin_mae=1.186e+07
2025-09-12 16:24:37,557 | INFO    | Epoch 413/500 | lr=7.543e-05 | train_mse=7.165e+00 train_mae=1.486e+00 train_lin_mae=8.985e+09 | val_mse=1.005e+01 val_mae=1.645e+00 val_lin_mae=7.710e+05
2025-09-12 16:24:37,642 | INFO    | Epoch 414/500 | lr=7.379e-05 | train_mse=7.173e+00 train_mae=1.482e+00 train_lin_mae=2.505e+09 | val_mse=9.919e+00 val_mae=1.653e+00 val_lin_mae=2.256e+07
2025-09-12 16:24:37,736 | INFO    | Epoch 415/500 | lr=7.217e-05 | train_mse=7.158e+00 train_mae=1.483e+00 train_lin_mae=7.652e+08 | val_mse=1.009e+01 val_mae=1.649e+00 val_lin_mae=6.398e+05
2025-09-12 16:24:37,826 | INFO    | Epoch 416/500 | lr=7.056e-05 | train_mse=7.158e+00 train_mae=1.482e+00 train_lin_mae=2.055e+08 | val_mse=9.977e+00 val_mae=1.650e+00 val_lin_mae=5.042e+06
2025-09-12 16:24:37,946 | INFO    | Epoch 417/500 | lr=6.897e-05 | train_mse=7.166e+00 train_mae=1.480e+00 train_lin_mae=1.187e+09 | val_mse=9.925e+00 val_mae=1.652e+00 val_lin_mae=1.404e+08
2025-09-12 16:24:38,029 | INFO    | Epoch 418/500 | lr=6.740e-05 | train_mse=7.170e+00 train_mae=1.484e+00 train_lin_mae=1.083e+10 | val_mse=9.985e+00 val_mae=1.645e+00 val_lin_mae=4.180e+05
2025-09-12 16:24:38,111 | INFO    | Epoch 419/500 | lr=6.584e-05 | train_mse=7.151e+00 train_mae=1.482e+00 train_lin_mae=6.809e+08 | val_mse=9.950e+00 val_mae=1.645e+00 val_lin_mae=7.522e+05
2025-09-12 16:24:38,233 | INFO    | Epoch 420/500 | lr=6.431e-05 | train_mse=7.138e+00 train_mae=1.478e+00 train_lin_mae=2.592e+09 | val_mse=9.918e+00 val_mae=1.647e+00 val_lin_mae=1.423e+07
2025-09-12 16:24:38,320 | INFO    | Epoch 421/500 | lr=6.278e-05 | train_mse=7.134e+00 train_mae=1.478e+00 train_lin_mae=1.547e+10 | val_mse=9.935e+00 val_mae=1.644e+00 val_lin_mae=3.063e+06
2025-09-12 16:24:38,402 | INFO    | Epoch 422/500 | lr=6.128e-05 | train_mse=7.130e+00 train_mae=1.477e+00 train_lin_mae=1.408e+09 | val_mse=9.965e+00 val_mae=1.645e+00 val_lin_mae=5.707e+06
2025-09-12 16:24:38,484 | INFO    | Epoch 423/500 | lr=5.980e-05 | train_mse=7.131e+00 train_mae=1.477e+00 train_lin_mae=1.936e+09 | val_mse=9.972e+00 val_mae=1.644e+00 val_lin_mae=1.418e+07
2025-09-12 16:24:38,606 | INFO    | Epoch 424/500 | lr=5.833e-05 | train_mse=7.127e+00 train_mae=1.478e+00 train_lin_mae=1.303e+09 | val_mse=9.960e+00 val_mae=1.642e+00 val_lin_mae=1.963e+06
2025-09-12 16:24:38,687 | INFO    | Epoch 425/500 | lr=5.688e-05 | train_mse=7.124e+00 train_mae=1.475e+00 train_lin_mae=4.551e+08 | val_mse=9.918e+00 val_mae=1.645e+00 val_lin_mae=3.464e+06
2025-09-12 16:24:38,775 | INFO    | Epoch 426/500 | lr=5.544e-05 | train_mse=7.128e+00 train_mae=1.477e+00 train_lin_mae=1.319e+09 | val_mse=9.989e+00 val_mae=1.641e+00 val_lin_mae=6.305e+05
2025-09-12 16:24:38,897 | INFO    | Epoch 427/500 | lr=5.403e-05 | train_mse=7.135e+00 train_mae=1.474e+00 train_lin_mae=4.488e+08 | val_mse=9.918e+00 val_mae=1.646e+00 val_lin_mae=7.547e+07
2025-09-12 16:24:38,979 | INFO    | Epoch 428/500 | lr=5.263e-05 | train_mse=7.126e+00 train_mae=1.479e+00 train_lin_mae=6.053e+09 | val_mse=9.996e+00 val_mae=1.639e+00 val_lin_mae=1.735e+06
2025-09-12 16:24:39,064 | INFO    | Epoch 429/500 | lr=5.125e-05 | train_mse=7.124e+00 train_mae=1.474e+00 train_lin_mae=3.373e+08 | val_mse=9.919e+00 val_mae=1.642e+00 val_lin_mae=5.330e+05
2025-09-12 16:24:39,148 | INFO    | Epoch 430/500 | lr=4.988e-05 | train_mse=7.119e+00 train_mae=1.473e+00 train_lin_mae=9.227e+08 | val_mse=9.878e+00 val_mae=1.641e+00 val_lin_mae=3.115e+06
2025-09-12 16:24:39,302 | INFO    | Epoch 431/500 | lr=4.854e-05 | train_mse=7.116e+00 train_mae=1.477e+00 train_lin_mae=7.554e+09 | val_mse=9.925e+00 val_mae=1.639e+00 val_lin_mae=1.055e+06
2025-09-12 16:24:39,389 | INFO    | Epoch 432/500 | lr=4.721e-05 | train_mse=7.120e+00 train_mae=1.473e+00 train_lin_mae=1.899e+09 | val_mse=9.900e+00 val_mae=1.641e+00 val_lin_mae=2.516e+06
2025-09-12 16:24:39,472 | INFO    | Epoch 433/500 | lr=4.590e-05 | train_mse=7.117e+00 train_mae=1.474e+00 train_lin_mae=1.100e+09 | val_mse=9.911e+00 val_mae=1.642e+00 val_lin_mae=2.853e+07
2025-09-12 16:24:39,590 | INFO    | Epoch 434/500 | lr=4.461e-05 | train_mse=7.115e+00 train_mae=1.476e+00 train_lin_mae=1.875e+09 | val_mse=9.904e+00 val_mae=1.640e+00 val_lin_mae=1.185e+07
2025-09-12 16:24:39,685 | INFO    | Epoch 435/500 | lr=4.334e-05 | train_mse=7.108e+00 train_mae=1.474e+00 train_lin_mae=9.592e+08 | val_mse=9.922e+00 val_mae=1.644e+00 val_lin_mae=2.866e+06
2025-09-12 16:24:39,772 | INFO    | Epoch 436/500 | lr=4.208e-05 | train_mse=7.107e+00 train_mae=1.476e+00 train_lin_mae=6.482e+08 | val_mse=9.888e+00 val_mae=1.641e+00 val_lin_mae=4.749e+06
2025-09-12 16:24:39,856 | INFO    | Epoch 437/500 | lr=4.084e-05 | train_mse=7.102e+00 train_mae=1.474e+00 train_lin_mae=1.034e+09 | val_mse=9.892e+00 val_mae=1.641e+00 val_lin_mae=4.242e+06
2025-09-12 16:24:39,975 | INFO    | Epoch 438/500 | lr=3.962e-05 | train_mse=7.104e+00 train_mae=1.475e+00 train_lin_mae=2.489e+09 | val_mse=9.933e+00 val_mae=1.640e+00 val_lin_mae=1.735e+06
2025-09-12 16:24:40,057 | INFO    | Epoch 439/500 | lr=3.842e-05 | train_mse=7.108e+00 train_mae=1.472e+00 train_lin_mae=8.897e+08 | val_mse=9.906e+00 val_mae=1.639e+00 val_lin_mae=4.948e+06
2025-09-12 16:24:40,139 | INFO    | Epoch 440/500 | lr=3.724e-05 | train_mse=7.097e+00 train_mae=1.473e+00 train_lin_mae=1.291e+09 | val_mse=9.924e+00 val_mae=1.639e+00 val_lin_mae=3.389e+06
2025-09-12 16:24:40,255 | INFO    | Epoch 441/500 | lr=3.608e-05 | train_mse=7.096e+00 train_mae=1.472e+00 train_lin_mae=8.747e+08 | val_mse=9.896e+00 val_mae=1.638e+00 val_lin_mae=3.925e+06
2025-09-12 16:24:40,337 | INFO    | Epoch 442/500 | lr=3.493e-05 | train_mse=7.095e+00 train_mae=1.473e+00 train_lin_mae=9.764e+08 | val_mse=9.917e+00 val_mae=1.638e+00 val_lin_mae=2.719e+06
2025-09-12 16:24:40,420 | INFO    | Epoch 443/500 | lr=3.380e-05 | train_mse=7.097e+00 train_mae=1.471e+00 train_lin_mae=7.975e+08 | val_mse=9.900e+00 val_mae=1.639e+00 val_lin_mae=9.158e+06
2025-09-12 16:24:40,502 | INFO    | Epoch 444/500 | lr=3.269e-05 | train_mse=7.095e+00 train_mae=1.474e+00 train_lin_mae=2.577e+09 | val_mse=9.912e+00 val_mae=1.638e+00 val_lin_mae=4.653e+06
2025-09-12 16:24:40,624 | INFO    | Epoch 445/500 | lr=3.160e-05 | train_mse=7.097e+00 train_mae=1.470e+00 train_lin_mae=7.135e+08 | val_mse=9.890e+00 val_mae=1.638e+00 val_lin_mae=6.166e+06
2025-09-12 16:24:40,713 | INFO    | Epoch 446/500 | lr=3.053e-05 | train_mse=7.094e+00 train_mae=1.473e+00 train_lin_mae=2.371e+09 | val_mse=9.894e+00 val_mae=1.640e+00 val_lin_mae=2.498e+06
2025-09-12 16:24:40,801 | INFO    | Epoch 447/500 | lr=2.948e-05 | train_mse=7.096e+00 train_mae=1.471e+00 train_lin_mae=1.211e+09 | val_mse=9.897e+00 val_mae=1.637e+00 val_lin_mae=2.833e+06
2025-09-12 16:24:40,921 | INFO    | Epoch 448/500 | lr=2.844e-05 | train_mse=7.090e+00 train_mae=1.472e+00 train_lin_mae=2.053e+09 | val_mse=9.910e+00 val_mae=1.638e+00 val_lin_mae=3.389e+06
2025-09-12 16:24:41,006 | INFO    | Epoch 449/500 | lr=2.742e-05 | train_mse=7.092e+00 train_mae=1.471e+00 train_lin_mae=5.628e+08 | val_mse=9.935e+00 val_mae=1.639e+00 val_lin_mae=3.659e+06
2025-09-12 16:24:41,090 | INFO    | Epoch 450/500 | lr=2.643e-05 | train_mse=7.090e+00 train_mae=1.473e+00 train_lin_mae=8.552e+08 | val_mse=9.899e+00 val_mae=1.639e+00 val_lin_mae=9.104e+06
2025-09-12 16:24:41,173 | INFO    | Epoch 451/500 | lr=2.545e-05 | train_mse=7.085e+00 train_mae=1.471e+00 train_lin_mae=1.702e+09 | val_mse=9.907e+00 val_mae=1.637e+00 val_lin_mae=3.494e+06
2025-09-12 16:24:41,294 | INFO    | Epoch 452/500 | lr=2.449e-05 | train_mse=7.089e+00 train_mae=1.470e+00 train_lin_mae=1.253e+09 | val_mse=9.874e+00 val_mae=1.637e+00 val_lin_mae=4.687e+06
2025-09-12 16:24:41,380 | INFO    | Epoch 453/500 | lr=2.355e-05 | train_mse=7.098e+00 train_mae=1.475e+00 train_lin_mae=6.914e+09 | val_mse=9.894e+00 val_mae=1.639e+00 val_lin_mae=2.774e+06
2025-09-12 16:24:41,462 | INFO    | Epoch 454/500 | lr=2.262e-05 | train_mse=7.098e+00 train_mae=1.471e+00 train_lin_mae=4.785e+08 | val_mse=9.914e+00 val_mae=1.637e+00 val_lin_mae=2.748e+06
2025-09-12 16:24:41,579 | INFO    | Epoch 455/500 | lr=2.172e-05 | train_mse=7.094e+00 train_mae=1.473e+00 train_lin_mae=1.641e+09 | val_mse=9.892e+00 val_mae=1.641e+00 val_lin_mae=1.574e+07
2025-09-12 16:24:41,660 | INFO    | Epoch 456/500 | lr=2.083e-05 | train_mse=7.089e+00 train_mae=1.471e+00 train_lin_mae=7.909e+08 | val_mse=9.964e+00 val_mae=1.636e+00 val_lin_mae=1.507e+06
2025-09-12 16:24:41,741 | INFO    | Epoch 457/500 | lr=1.997e-05 | train_mse=7.085e+00 train_mae=1.469e+00 train_lin_mae=9.319e+08 | val_mse=9.883e+00 val_mae=1.639e+00 val_lin_mae=8.993e+06
2025-09-12 16:24:41,830 | INFO    | Epoch 458/500 | lr=1.912e-05 | train_mse=7.083e+00 train_mae=1.473e+00 train_lin_mae=2.081e+09 | val_mse=9.890e+00 val_mae=1.637e+00 val_lin_mae=2.980e+06
2025-09-12 16:24:41,949 | INFO    | Epoch 459/500 | lr=1.829e-05 | train_mse=7.080e+00 train_mae=1.468e+00 train_lin_mae=6.039e+08 | val_mse=9.885e+00 val_mae=1.636e+00 val_lin_mae=2.245e+06
2025-09-12 16:24:42,032 | INFO    | Epoch 460/500 | lr=1.748e-05 | train_mse=7.083e+00 train_mae=1.472e+00 train_lin_mae=1.872e+09 | val_mse=9.858e+00 val_mae=1.639e+00 val_lin_mae=4.132e+06
2025-09-12 16:24:42,118 | INFO    | Epoch 461/500 | lr=1.669e-05 | train_mse=7.081e+00 train_mae=1.471e+00 train_lin_mae=1.727e+09 | val_mse=9.888e+00 val_mae=1.636e+00 val_lin_mae=1.727e+06
2025-09-12 16:24:42,236 | INFO    | Epoch 462/500 | lr=1.592e-05 | train_mse=7.076e+00 train_mae=1.470e+00 train_lin_mae=1.290e+09 | val_mse=9.861e+00 val_mae=1.637e+00 val_lin_mae=5.726e+06
2025-09-12 16:24:42,318 | INFO    | Epoch 463/500 | lr=1.517e-05 | train_mse=7.076e+00 train_mae=1.471e+00 train_lin_mae=2.140e+09 | val_mse=9.868e+00 val_mae=1.637e+00 val_lin_mae=7.165e+06
2025-09-12 16:24:42,400 | INFO    | Epoch 464/500 | lr=1.444e-05 | train_mse=7.078e+00 train_mae=1.469e+00 train_lin_mae=2.179e+09 | val_mse=9.890e+00 val_mae=1.636e+00 val_lin_mae=3.859e+06
2025-09-12 16:24:42,482 | INFO    | Epoch 465/500 | lr=1.372e-05 | train_mse=7.075e+00 train_mae=1.469e+00 train_lin_mae=1.538e+09 | val_mse=9.873e+00 val_mae=1.636e+00 val_lin_mae=3.608e+06
2025-09-12 16:24:42,598 | INFO    | Epoch 466/500 | lr=1.303e-05 | train_mse=7.074e+00 train_mae=1.470e+00 train_lin_mae=1.440e+09 | val_mse=9.877e+00 val_mae=1.637e+00 val_lin_mae=2.600e+06
2025-09-12 16:24:42,679 | INFO    | Epoch 467/500 | lr=1.235e-05 | train_mse=7.075e+00 train_mae=1.470e+00 train_lin_mae=8.328e+08 | val_mse=9.894e+00 val_mae=1.635e+00 val_lin_mae=1.582e+06
2025-09-12 16:24:42,764 | INFO    | Epoch 468/500 | lr=1.170e-05 | train_mse=7.077e+00 train_mae=1.467e+00 train_lin_mae=3.707e+08 | val_mse=9.917e+00 val_mae=1.634e+00 val_lin_mae=2.045e+06
2025-09-12 16:24:42,884 | INFO    | Epoch 469/500 | lr=1.106e-05 | train_mse=7.073e+00 train_mae=1.468e+00 train_lin_mae=1.081e+09 | val_mse=9.881e+00 val_mae=1.636e+00 val_lin_mae=1.212e+07
2025-09-12 16:24:42,969 | INFO    | Epoch 470/500 | lr=1.045e-05 | train_mse=7.073e+00 train_mae=1.469e+00 train_lin_mae=1.631e+09 | val_mse=9.889e+00 val_mae=1.636e+00 val_lin_mae=1.580e+07
2025-09-12 16:24:43,051 | INFO    | Epoch 471/500 | lr=9.848e-06 | train_mse=7.076e+00 train_mae=1.471e+00 train_lin_mae=2.497e+09 | val_mse=9.868e+00 val_mae=1.637e+00 val_lin_mae=2.420e+07
2025-09-12 16:24:43,133 | INFO    | Epoch 472/500 | lr=9.269e-06 | train_mse=7.071e+00 train_mae=1.469e+00 train_lin_mae=1.684e+09 | val_mse=9.896e+00 val_mae=1.635e+00 val_lin_mae=7.239e+06
2025-09-12 16:24:43,252 | INFO    | Epoch 473/500 | lr=8.710e-06 | train_mse=7.073e+00 train_mae=1.467e+00 train_lin_mae=6.843e+08 | val_mse=9.900e+00 val_mae=1.635e+00 val_lin_mae=5.097e+06
2025-09-12 16:24:43,336 | INFO    | Epoch 474/500 | lr=8.171e-06 | train_mse=7.070e+00 train_mae=1.468e+00 train_lin_mae=9.727e+08 | val_mse=9.877e+00 val_mae=1.636e+00 val_lin_mae=9.209e+06
2025-09-12 16:24:43,421 | INFO    | Epoch 475/500 | lr=7.650e-06 | train_mse=7.069e+00 train_mae=1.469e+00 train_lin_mae=1.122e+09 | val_mse=9.881e+00 val_mae=1.636e+00 val_lin_mae=7.901e+06
